<?xml version="1.0"?>
<link_info>
   <banner>MSP430 Linker PC v4.3.3</banner>
   <copyright>Copyright (c) 2003-2014 Texas Instruments Incorporated</copyright>
   <link_time>0x54d23650</link_time>
   <link_errors>0x0</link_errors>
   <output_file>Shimmer3_Test.out</output_file>
   <entry_point>
      <name>_c_int00</name>
      <address>0x5edc</address>
   </entry_point>
   <input_file_list>
      <input_file id="fl-2">
         <path>.\</path>
         <kind>object</kind>
         <file>main.obj</file>
         <name>main.obj</name>
      </input_file>
      <input_file id="fl-3">
         <path>.\</path>
         <kind>object</kind>
         <file>system_pre_init.obj</file>
         <name>system_pre_init.obj</name>
      </input_file>
      <input_file id="fl-4">
         <path>.\LSM303DLHC\</path>
         <kind>object</kind>
         <file>lsm303dlhc.obj</file>
         <name>lsm303dlhc.obj</name>
      </input_file>
      <input_file id="fl-5">
         <path>.\Bluetooth\</path>
         <kind>object</kind>
         <file>RN42.obj</file>
         <name>RN42.obj</name>
      </input_file>
      <input_file id="fl-6">
         <path>.\5xx_HAL\</path>
         <kind>object</kind>
         <file>hal_ADC.obj</file>
         <name>hal_ADC.obj</name>
      </input_file>
      <input_file id="fl-7">
         <path>.\5xx_HAL\</path>
         <kind>object</kind>
         <file>hal_Board.obj</file>
         <name>hal_Board.obj</name>
      </input_file>
      <input_file id="fl-8">
         <path>.\5xx_HAL\</path>
         <kind>object</kind>
         <file>hal_Button.obj</file>
         <name>hal_Button.obj</name>
      </input_file>
      <input_file id="fl-9">
         <path>.\5xx_HAL\</path>
         <kind>object</kind>
         <file>hal_DMA.obj</file>
         <name>hal_DMA.obj</name>
      </input_file>
      <input_file id="fl-a">
         <path>.\5xx_HAL\</path>
         <kind>object</kind>
         <file>hal_I2C.obj</file>
         <name>hal_I2C.obj</name>
      </input_file>
      <input_file id="fl-b">
         <path>.\5xx_HAL\</path>
         <kind>object</kind>
         <file>hal_UCS.obj</file>
         <name>hal_UCS.obj</name>
      </input_file>
      <input_file id="fl-c">
         <path>.\5xx_HAL\</path>
         <kind>object</kind>
         <file>hal_pmm.obj</file>
         <name>hal_pmm.obj</name>
      </input_file>
      <input_file id="fl-3b">
         <path>c:\ti\ccsv6\tools\compiler\msp430_4.3.3\lib\</path>
         <kind>archive</kind>
         <file>rts430x_lc_rd_eabi.lib</file>
         <name>boot.obj</name>
      </input_file>
      <input_file id="fl-3c">
         <path>c:\ti\ccsv6\tools\compiler\msp430_4.3.3\lib\</path>
         <kind>archive</kind>
         <file>rts430x_lc_rd_eabi.lib</file>
         <name>copy_decompress_none.obj</name>
      </input_file>
      <input_file id="fl-3d">
         <path>c:\ti\ccsv6\tools\compiler\msp430_4.3.3\lib\</path>
         <kind>archive</kind>
         <file>rts430x_lc_rd_eabi.lib</file>
         <name>copy_decompress_rle.obj</name>
      </input_file>
      <input_file id="fl-3e">
         <path>c:\ti\ccsv6\tools\compiler\msp430_4.3.3\lib\</path>
         <kind>archive</kind>
         <file>rts430x_lc_rd_eabi.lib</file>
         <name>copy_zero_init.obj</name>
      </input_file>
      <input_file id="fl-3f">
         <path>c:\ti\ccsv6\tools\compiler\msp430_4.3.3\lib\</path>
         <kind>archive</kind>
         <file>rts430x_lc_rd_eabi.lib</file>
         <name>div32u.obj</name>
      </input_file>
      <input_file id="fl-40">
         <path>c:\ti\ccsv6\tools\compiler\msp430_4.3.3\lib\</path>
         <kind>archive</kind>
         <file>rts430x_lc_rd_eabi.lib</file>
         <name>exit.obj</name>
      </input_file>
      <input_file id="fl-41">
         <path>c:\ti\ccsv6\tools\compiler\msp430_4.3.3\lib\</path>
         <kind>archive</kind>
         <file>rts430x_lc_rd_eabi.lib</file>
         <name>lsr32.obj</name>
      </input_file>
      <input_file id="fl-42">
         <path>c:\ti\ccsv6\tools\compiler\msp430_4.3.3\lib\</path>
         <kind>archive</kind>
         <file>rts430x_lc_rd_eabi.lib</file>
         <name>memcmp.obj</name>
      </input_file>
      <input_file id="fl-43">
         <path>c:\ti\ccsv6\tools\compiler\msp430_4.3.3\lib\</path>
         <kind>archive</kind>
         <file>rts430x_lc_rd_eabi.lib</file>
         <name>memcpy.obj</name>
      </input_file>
      <input_file id="fl-44">
         <path>c:\ti\ccsv6\tools\compiler\msp430_4.3.3\lib\</path>
         <kind>archive</kind>
         <file>rts430x_lc_rd_eabi.lib</file>
         <name>mpu_init.obj</name>
      </input_file>
      <input_file id="fl-45">
         <path>c:\ti\ccsv6\tools\compiler\msp430_4.3.3\lib\</path>
         <kind>archive</kind>
         <file>rts430x_lc_rd_eabi.lib</file>
         <name>mult16_f5hw.obj</name>
      </input_file>
      <input_file id="fl-46">
         <path>c:\ti\ccsv6\tools\compiler\msp430_4.3.3\lib\</path>
         <kind>archive</kind>
         <file>rts430x_lc_rd_eabi.lib</file>
         <name>snprintf.obj</name>
      </input_file>
      <input_file id="fl-47">
         <path>c:\ti\ccsv6\tools\compiler\msp430_4.3.3\lib\</path>
         <kind>archive</kind>
         <file>rts430x_lc_rd_eabi.lib</file>
         <name>sprintf.obj</name>
      </input_file>
      <input_file id="fl-48">
         <path>c:\ti\ccsv6\tools\compiler\msp430_4.3.3\lib\</path>
         <kind>archive</kind>
         <file>rts430x_lc_rd_eabi.lib</file>
         <name>strcpy.obj</name>
      </input_file>
      <input_file id="fl-49">
         <path>c:\ti\ccsv6\tools\compiler\msp430_4.3.3\lib\</path>
         <kind>archive</kind>
         <file>rts430x_lc_rd_eabi.lib</file>
         <name>strlen.obj</name>
      </input_file>
      <input_file id="fl-4a">
         <path>c:\ti\ccsv6\tools\compiler\msp430_4.3.3\lib\</path>
         <kind>archive</kind>
         <file>rts430x_lc_rd_eabi.lib</file>
         <name>_lock.obj</name>
      </input_file>
      <input_file id="fl-4b">
         <path>c:\ti\ccsv6\tools\compiler\msp430_4.3.3\lib\</path>
         <kind>archive</kind>
         <file>rts430x_lc_rd_eabi.lib</file>
         <name>_printfi_min.obj</name>
      </input_file>
      <input_file id="fl-4c">
         <path>c:\ti\ccsv6\tools\compiler\msp430_4.3.3\lib\</path>
         <kind>archive</kind>
         <file>rts430x_lc_rd_eabi.lib</file>
         <name>args_main.obj</name>
      </input_file>
      <input_file id="fl-4d">
         <path>c:\ti\ccsv6\tools\compiler\msp430_4.3.3\lib\</path>
         <kind>archive</kind>
         <file>rts430x_lc_rd_eabi.lib</file>
         <name>autoinit.obj</name>
      </input_file>
      <input_file id="fl-4e">
         <path>c:\ti\ccsv6\tools\compiler\msp430_4.3.3\lib\</path>
         <kind>archive</kind>
         <file>rts430x_lc_rd_eabi.lib</file>
         <name>div16u.obj</name>
      </input_file>
      <input_file id="fl-4f">
         <path>c:\ti\ccsv6\tools\compiler\msp430_4.3.3\lib\</path>
         <kind>archive</kind>
         <file>rts430x_lc_rd_eabi.lib</file>
         <name>memccpy.obj</name>
      </input_file>
      <input_file id="fl-50">
         <path>c:\ti\ccsv6\tools\compiler\msp430_4.3.3\lib\</path>
         <kind>archive</kind>
         <file>rts430x_lc_rd_eabi.lib</file>
         <name>memset.obj</name>
      </input_file>
   </input_file_list>
   <object_component_list>
      <object_component id="oc-8f">
         <name>.stack</name>
         <uninitialized>true</uninitialized>
         <run_address>0x5b60</run_address>
         <size>0x4</size>
         <input_file_ref idref="fl-3b"/>
      </object_component>
      <object_component id="oc-44a">
         <name>.stack</name>
         <uninitialized>true</uninitialized>
         <run_address>0x5b60</run_address>
         <size>0x0</size>
      </object_component>
      <object_component id="oc-2a2">
         <name>.text:runSetCommands</name>
         <load_address>0x10000</load_address>
         <run_address>0x10000</run_address>
         <size>0x82c</size>
         <input_file_ref idref="fl-5"/>
      </object_component>
      <object_component id="oc-1d9">
         <name>.text:Board_init</name>
         <load_address>0x1082c</load_address>
         <run_address>0x1082c</run_address>
         <size>0x19e</size>
         <input_file_ref idref="fl-7"/>
      </object_component>
      <object_component id="oc-34a">
         <name>.text:_setfield</name>
         <load_address>0x109ca</load_address>
         <run_address>0x109ca</run_address>
         <size>0x132</size>
         <input_file_ref idref="fl-4b"/>
      </object_component>
      <object_component id="oc-2ea">
         <name>.text:__TI_printfi_minimal</name>
         <load_address>0x10afc</load_address>
         <run_address>0x10afc</run_address>
         <size>0xd2</size>
         <input_file_ref idref="fl-4b"/>
      </object_component>
      <object_component id="oc-228">
         <name>.text:ADC_init</name>
         <load_address>0x10bce</load_address>
         <run_address>0x10bce</run_address>
         <size>0xca</size>
         <input_file_ref idref="fl-6"/>
      </object_component>
      <object_component id="oc-258">
         <name>.text:SetVCoreUp</name>
         <load_address>0x10c98</load_address>
         <run_address>0x10c98</run_address>
         <size>0xca</size>
         <input_file_ref idref="fl-c"/>
      </object_component>
      <object_component id="oc-157">
         <name>.text:Init</name>
         <load_address>0x10d62</load_address>
         <run_address>0x10d62</run_address>
         <size>0xa8</size>
         <input_file_ref idref="fl-2"/>
      </object_component>
      <object_component id="oc-25e">
         <name>.text:SetVCoreDown</name>
         <load_address>0x10e0a</load_address>
         <run_address>0x10e0a</run_address>
         <size>0x9c</size>
         <input_file_ref idref="fl-c"/>
      </object_component>
      <object_component id="oc-1f7">
         <name>.text:BT_init</name>
         <load_address>0x10ea6</load_address>
         <run_address>0x10ea6</run_address>
         <size>0x7c</size>
         <input_file_ref idref="fl-5"/>
      </object_component>
      <object_component id="oc-b7">
         <name>.text:_auto_init_hold_wdt</name>
         <load_address>0x10f22</load_address>
         <run_address>0x10f22</run_address>
         <size>0x6e</size>
         <input_file_ref idref="fl-4d"/>
      </object_component>
      <object_component id="oc-f6">
         <name>.text:__TI_decompress_rle_core</name>
         <load_address>0x10f90</load_address>
         <run_address>0x10f90</run_address>
         <size>0x62</size>
         <input_file_ref idref="fl-3d"/>
      </object_component>
      <object_component id="oc-298">
         <name>.text:snprintf</name>
         <load_address>0x10ff2</load_address>
         <run_address>0x10ff2</run_address>
         <size>0x62</size>
         <input_file_ref idref="fl-46"/>
      </object_component>
      <object_component id="oc-3bb">
         <name>.text:_ltostr</name>
         <load_address>0x11054</load_address>
         <run_address>0x11054</run_address>
         <size>0x5a</size>
         <input_file_ref idref="fl-4b"/>
      </object_component>
      <object_component id="oc-285">
         <name>.text:initRN</name>
         <load_address>0x110ae</load_address>
         <run_address>0x110ae</run_address>
         <size>0x50</size>
         <input_file_ref idref="fl-5"/>
      </object_component>
      <object_component id="oc-390">
         <name>.text:_pproc_diouxp</name>
         <load_address>0x110fe</load_address>
         <run_address>0x110fe</run_address>
         <size>0x4c</size>
         <input_file_ref idref="fl-4b"/>
      </object_component>
      <object_component id="oc-350">
         <name>.text:_pproc_str</name>
         <load_address>0x1114a</load_address>
         <run_address>0x1114a</run_address>
         <size>0x48</size>
         <input_file_ref idref="fl-4b"/>
      </object_component>
      <object_component id="oc-306">
         <name>.text:sprintf</name>
         <load_address>0x11192</load_address>
         <run_address>0x11192</run_address>
         <size>0x44</size>
         <input_file_ref idref="fl-47"/>
      </object_component>
      <object_component id="oc-1df">
         <name>.text:SetVCore</name>
         <load_address>0x111d6</load_address>
         <run_address>0x111d6</run_address>
         <size>0x40</size>
         <input_file_ref idref="fl-c"/>
      </object_component>
      <object_component id="oc-3b5">
         <name>.text:_getarg_diouxp</name>
         <load_address>0x11216</load_address>
         <run_address>0x11216</run_address>
         <size>0x3e</size>
         <input_file_ref idref="fl-4b"/>
      </object_component>
      <object_component id="oc-36d">
         <name>.text:BT_write</name>
         <load_address>0x11254</load_address>
         <run_address>0x11254</run_address>
         <size>0x36</size>
         <input_file_ref idref="fl-5"/>
      </object_component>
      <object_component id="oc-2de">
         <name>.text:_outs</name>
         <load_address>0x1128a</load_address>
         <run_address>0x1128a</run_address>
         <size>0x36</size>
         <input_file_ref idref="fl-46"/>
      </object_component>
      <object_component id="oc-2fc">
         <name>.text:writeCommand</name>
         <load_address>0x112c0</load_address>
         <run_address>0x112c0</run_address>
         <size>0x36</size>
         <input_file_ref idref="fl-5"/>
      </object_component>
      <object_component id="oc-10b">
         <name>.text:Board_ledOff</name>
         <load_address>0x112f6</load_address>
         <run_address>0x112f6</run_address>
         <size>0x2c</size>
         <input_file_ref idref="fl-7"/>
      </object_component>
      <object_component id="oc-111">
         <name>.text:Board_ledOn</name>
         <load_address>0x11322</load_address>
         <run_address>0x11322</run_address>
         <size>0x2c</size>
         <input_file_ref idref="fl-7"/>
      </object_component>
      <object_component id="oc-2c8">
         <name>.text:Board_ledToggle</name>
         <load_address>0x1134e</load_address>
         <run_address>0x1134e</run_address>
         <size>0x2c</size>
         <input_file_ref idref="fl-7"/>
      </object_component>
      <object_component id="oc-11b">
         <name>.text:sendNextChar</name>
         <load_address>0x1137a</load_address>
         <run_address>0x1137a</run_address>
         <size>0x2a</size>
         <input_file_ref idref="fl-5"/>
      </object_component>
      <object_component id="oc-1e5">
         <name>.text:LFXT_Start</name>
         <load_address>0x113a4</load_address>
         <run_address>0x113a4</run_address>
         <size>0x28</size>
         <input_file_ref idref="fl-b"/>
      </object_component>
      <object_component id="oc-28b">
         <name>.text:setupUART</name>
         <load_address>0x113cc</load_address>
         <run_address>0x113cc</run_address>
         <size>0x28</size>
         <input_file_ref idref="fl-5"/>
      </object_component>
      <object_component id="oc-204">
         <name>.text:BT_setFriendlyName</name>
         <load_address>0x113f4</load_address>
         <run_address>0x113f4</run_address>
         <size>0x26</size>
         <input_file_ref idref="fl-5"/>
      </object_component>
      <object_component id="oc-20a">
         <name>.text:BT_setPIN</name>
         <load_address>0x1141a</load_address>
         <run_address>0x1141a</run_address>
         <size>0x26</size>
         <input_file_ref idref="fl-5"/>
      </object_component>
      <object_component id="oc-23e">
         <name>.text:DMA0_init</name>
         <load_address>0x11440</load_address>
         <run_address>0x11440</run_address>
         <size>0x26</size>
         <input_file_ref idref="fl-9"/>
      </object_component>
      <object_component id="oc-134">
         <name>.text:memcmp</name>
         <load_address>0x11466</load_address>
         <run_address>0x11466</run_address>
         <size>0x26</size>
         <input_file_ref idref="fl-42"/>
      </object_component>
      <object_component id="oc-83">
         <name>.text:decompress:ZI:__TI_zero_init</name>
         <load_address>0x1148c</load_address>
         <run_address>0x1148c</run_address>
         <size>0x24</size>
         <input_file_ref idref="fl-3e"/>
      </object_component>
      <object_component id="oc-22f">
         <name>.text:Dma0ConversionDone</name>
         <load_address>0x114b0</load_address>
         <run_address>0x114b0</run_address>
         <size>0x20</size>
         <input_file_ref idref="fl-2"/>
      </object_component>
      <object_component id="oc-2e4">
         <name>.text:_outc</name>
         <load_address>0x114d0</load_address>
         <run_address>0x114d0</run_address>
         <size>0x20</size>
         <input_file_ref idref="fl-46"/>
      </object_component>
      <object_component id="oc-374">
         <name>.text:_outs</name>
         <load_address>0x114f0</load_address>
         <run_address>0x114f0</run_address>
         <size>0x20</size>
         <input_file_ref idref="fl-47"/>
      </object_component>
      <object_component id="oc-396">
         <name>.text:memccpy</name>
         <load_address>0x11510</load_address>
         <run_address>0x11510</run_address>
         <size>0x20</size>
         <input_file_ref idref="fl-4f"/>
      </object_component>
      <object_component id="oc-2bc">
         <name>.text:ADC_disable</name>
         <load_address>0x11530</load_address>
         <run_address>0x11530</run_address>
         <size>0x1e</size>
         <input_file_ref idref="fl-6"/>
      </object_component>
      <object_component id="oc-210">
         <name>.text:BT_configure</name>
         <load_address>0x1154e</load_address>
         <run_address>0x1154e</run_address>
         <size>0x1e</size>
         <input_file_ref idref="fl-5"/>
      </object_component>
      <object_component id="oc-216">
         <name>.text:BtDataAvailable</name>
         <load_address>0x1156c</load_address>
         <run_address>0x1156c</run_address>
         <size>0x1e</size>
         <input_file_ref idref="fl-2"/>
      </object_component>
      <object_component id="oc-1eb">
         <name>.text:XT2_Start</name>
         <load_address>0x1158a</load_address>
         <run_address>0x1158a</run_address>
         <size>0x1e</size>
         <input_file_ref idref="fl-b"/>
      </object_component>
      <object_component id="oc-3c9">
         <name>.text:_div</name>
         <load_address>0x115a8</load_address>
         <run_address>0x115a8</run_address>
         <size>0x1a</size>
         <input_file_ref idref="fl-4b"/>
      </object_component>
      <object_component id="oc-2b6">
         <name>.text:DMA0_repeatTransfer</name>
         <load_address>0x115c2</load_address>
         <run_address>0x115c2</run_address>
         <size>0x16</size>
         <input_file_ref idref="fl-9"/>
      </object_component>
      <object_component id="oc-389">
         <name>.text:memset</name>
         <load_address>0x115d8</load_address>
         <run_address>0x115d8</run_address>
         <size>0x16</size>
         <input_file_ref idref="fl-50"/>
      </object_component>
      <object_component id="oc-3d7">
         <name>.text</name>
         <load_address>0x115ee</load_address>
         <run_address>0x115ee</run_address>
         <size>0x16</size>
         <input_file_ref idref="fl-4e"/>
      </object_component>
      <object_component id="oc-3cf">
         <name>.text</name>
         <load_address>0x11604</load_address>
         <run_address>0x11604</run_address>
         <size>0x16</size>
         <input_file_ref idref="fl-45"/>
      </object_component>
      <object_component id="oc-1f1">
         <name>.text:Button_init</name>
         <load_address>0x1161a</load_address>
         <run_address>0x1161a</run_address>
         <size>0x14</size>
         <input_file_ref idref="fl-8"/>
      </object_component>
      <object_component id="oc-14d">
         <name>.text:Button_interruptEnable</name>
         <load_address>0x1162e</load_address>
         <run_address>0x1162e</run_address>
         <size>0x14</size>
         <input_file_ref idref="fl-8"/>
      </object_component>
      <object_component id="oc-222">
         <name>.text:StartSensing</name>
         <load_address>0x11642</load_address>
         <run_address>0x11642</run_address>
         <size>0x14</size>
         <input_file_ref idref="fl-2"/>
      </object_component>
      <object_component id="oc-37a">
         <name>.text:_outc</name>
         <load_address>0x11656</load_address>
         <run_address>0x11656</run_address>
         <size>0x14</size>
         <input_file_ref idref="fl-47"/>
      </object_component>
      <object_component id="oc-33d">
         <name>.text:disableRN</name>
         <load_address>0x1166a</load_address>
         <run_address>0x1166a</run_address>
         <size>0x14</size>
         <input_file_ref idref="fl-5"/>
      </object_component>
      <object_component id="oc-e2">
         <name>.text:memcpy</name>
         <load_address>0x1167e</load_address>
         <run_address>0x1167e</run_address>
         <size>0x14</size>
         <input_file_ref idref="fl-43"/>
      </object_component>
      <object_component id="oc-7d">
         <name>.text:decompress:none:__TI_decompress_none</name>
         <load_address>0x11692</load_address>
         <run_address>0x11692</run_address>
         <size>0x12</size>
         <input_file_ref idref="fl-3c"/>
      </object_component>
      <object_component id="oc-366">
         <name>.text:strcpy</name>
         <load_address>0x116a4</load_address>
         <run_address>0x116a4</run_address>
         <size>0x12</size>
         <input_file_ref idref="fl-48"/>
      </object_component>
      <object_component id="oc-bd">
         <name>.text:main</name>
         <load_address>0x116b6</load_address>
         <run_address>0x116b6</run_address>
         <size>0x10</size>
         <input_file_ref idref="fl-2"/>
      </object_component>
      <object_component id="oc-12a">
         <name>.text:strlen</name>
         <load_address>0x116c6</load_address>
         <run_address>0x116c6</run_address>
         <size>0xe</size>
         <input_file_ref idref="fl-49"/>
      </object_component>
      <object_component id="oc-192">
         <name>.text:DMA0_enable</name>
         <load_address>0x116d4</load_address>
         <run_address>0x116d4</run_address>
         <size>0xc</size>
         <input_file_ref idref="fl-9"/>
      </object_component>
      <object_component id="oc-382">
         <name>.text:disableUART</name>
         <load_address>0x116e0</load_address>
         <run_address>0x116e0</run_address>
         <size>0xc</size>
         <input_file_ref idref="fl-5"/>
      </object_component>
      <object_component id="oc-2a9">
         <name>.text:BT_disable</name>
         <load_address>0x116ec</load_address>
         <run_address>0x116ec</run_address>
         <size>0xa</size>
         <input_file_ref idref="fl-5"/>
      </object_component>
      <object_component id="oc-1fd">
         <name>.text:BT_setRadioMode</name>
         <load_address>0x116f6</load_address>
         <run_address>0x116f6</run_address>
         <size>0xa</size>
         <input_file_ref idref="fl-5"/>
      </object_component>
      <object_component id="oc-b1">
         <name>.text:_system_pre_init</name>
         <load_address>0x11700</load_address>
         <run_address>0x11700</run_address>
         <size>0xa</size>
         <input_file_ref idref="fl-3"/>
      </object_component>
      <object_component id="oc-198">
         <name>.text:ADC_startConversion</name>
         <load_address>0x1170a</load_address>
         <run_address>0x1170a</run_address>
         <size>0x8</size>
         <input_file_ref idref="fl-6"/>
      </object_component>
      <object_component id="oc-2c2">
         <name>.text:DMA0_disable</name>
         <load_address>0x11712</load_address>
         <run_address>0x11712</run_address>
         <size>0x8</size>
         <input_file_ref idref="fl-9"/>
      </object_component>
      <object_component id="oc-142">
         <name>.text:BT_connectionInterrupt</name>
         <load_address>0x1171a</load_address>
         <run_address>0x1171a</run_address>
         <size>0x6</size>
         <input_file_ref idref="fl-5"/>
      </object_component>
      <object_component id="oc-21c">
         <name>.text:BT_receiveFunction</name>
         <load_address>0x11720</load_address>
         <run_address>0x11720</run_address>
         <size>0x6</size>
         <input_file_ref idref="fl-5"/>
      </object_component>
      <object_component id="oc-13c">
         <name>.text:BT_rtsInterrupt</name>
         <load_address>0x11726</load_address>
         <run_address>0x11726</run_address>
         <size>0x6</size>
         <input_file_ref idref="fl-5"/>
      </object_component>
      <object_component id="oc-235">
         <name>.text:DMA0_transferDoneFunction</name>
         <load_address>0x1172c</load_address>
         <run_address>0x1172c</run_address>
         <size>0x6</size>
         <input_file_ref idref="fl-9"/>
      </object_component>
      <object_component id="oc-175">
         <name>.text:I2C_Interrupt_Disable</name>
         <load_address>0x11732</load_address>
         <run_address>0x11732</run_address>
         <size>0x6</size>
         <input_file_ref idref="fl-a"/>
      </object_component>
      <object_component id="oc-16f">
         <name>.text:I2C_Interrupt_Enable</name>
         <load_address>0x11738</load_address>
         <run_address>0x11738</run_address>
         <size>0x6</size>
         <input_file_ref idref="fl-a"/>
      </object_component>
      <object_component id="oc-89">
         <name>.text:decompress:rle24:__TI_decompress_rle24</name>
         <load_address>0x1173e</load_address>
         <run_address>0x1173e</run_address>
         <size>0x6</size>
         <input_file_ref idref="fl-3d"/>
      </object_component>
      <object_component id="oc-c3">
         <name>.text:abort</name>
         <load_address>0x11744</load_address>
         <run_address>0x11744</run_address>
         <size>0x4</size>
         <input_file_ref idref="fl-40"/>
      </object_component>
      <object_component id="oc-d6">
         <name>.text:_isr:USCI_I2C_ISR</name>
         <load_address>0x5c00</load_address>
         <run_address>0x5c00</run_address>
         <size>0x13a</size>
         <input_file_ref idref="fl-a"/>
      </object_component>
      <object_component id="oc-9f">
         <name>.text:_isr:USCI_A1_ISR</name>
         <load_address>0x5d3a</load_address>
         <run_address>0x5d3a</run_address>
         <size>0x88</size>
         <input_file_ref idref="fl-5"/>
      </object_component>
      <object_component id="oc-a5">
         <name>.text:_isr:Port1_ISR</name>
         <load_address>0x5dc2</load_address>
         <run_address>0x5dc2</run_address>
         <size>0x5e</size>
         <input_file_ref idref="fl-2"/>
      </object_component>
      <object_component id="oc-d0">
         <name>.text:_isr:ADC12_ISR</name>
         <load_address>0x5e20</load_address>
         <run_address>0x5e20</run_address>
         <size>0x58</size>
         <input_file_ref idref="fl-6"/>
      </object_component>
      <object_component id="oc-99">
         <name>.text:_isr:Port2_ISR</name>
         <load_address>0x5e78</load_address>
         <run_address>0x5e78</run_address>
         <size>0x28</size>
         <input_file_ref idref="fl-2"/>
      </object_component>
      <object_component id="oc-ca">
         <name>.text:_isr:DMA_ISR</name>
         <load_address>0x5ea0</load_address>
         <run_address>0x5ea0</run_address>
         <size>0x22</size>
         <input_file_ref idref="fl-9"/>
      </object_component>
      <object_component id="oc-dc">
         <name>.text:_isr:TIMER0_B1_ISR</name>
         <load_address>0x5ec2</load_address>
         <run_address>0x5ec2</run_address>
         <size>0x1a</size>
         <input_file_ref idref="fl-2"/>
      </object_component>
      <object_component id="oc-6c">
         <name>.text:_isr:_c_int00_noexit</name>
         <load_address>0x5edc</load_address>
         <run_address>0x5edc</run_address>
         <size>0x1a</size>
         <input_file_ref idref="fl-3b"/>
      </object_component>
      <object_component id="oc-ab">
         <name>.text:_isr:TIMER1_A0_ISR</name>
         <load_address>0x5ef6</load_address>
         <run_address>0x5ef6</run_address>
         <size>0xe</size>
         <input_file_ref idref="fl-8"/>
      </object_component>
      <object_component id="oc-93">
         <name>.text:_isr:TrapIsr</name>
         <load_address>0x5f04</load_address>
         <run_address>0x5f04</run_address>
         <size>0x2</size>
         <input_file_ref idref="fl-2"/>
      </object_component>
      <object_component id="oc-446">
         <name>__TI_handler_table</name>
         <load_address>0x5fec</load_address>
         <run_address>0x5fec</run_address>
         <size>0xc</size>
      </object_component>
      <object_component id="oc-449">
         <name>.cinit..data.load</name>
         <load_address>0x5ff8</load_address>
         <run_address>0x5ff8</run_address>
         <size>0x9</size>
      </object_component>
      <object_component id="oc-448">
         <name>.cinit..bss.load</name>
         <load_address>0x6002</load_address>
         <run_address>0x6002</run_address>
         <size>0x6</size>
      </object_component>
      <object_component id="oc-447">
         <name>__TI_cinit_table</name>
         <load_address>0x6008</load_address>
         <run_address>0x6008</run_address>
         <size>0x10</size>
      </object_component>
      <object_component id="oc-296">
         <name>.const:.string</name>
         <load_address>0x5f06</load_address>
         <run_address>0x5f06</run_address>
         <size>0xc2</size>
         <input_file_ref idref="fl-5"/>
      </object_component>
      <object_component id="oc-38f">
         <name>.const:.string</name>
         <load_address>0x5fc8</load_address>
         <run_address>0x5fc8</run_address>
         <size>0x14</size>
         <input_file_ref idref="fl-4b"/>
      </object_component>
      <object_component id="oc-203">
         <name>.const:.string</name>
         <load_address>0x5fdc</load_address>
         <run_address>0x5fdc</run_address>
         <size>0x10</size>
         <input_file_ref idref="fl-2"/>
      </object_component>
      <object_component id="oc-65">
         <name>.int41</name>
         <load_address>0xffd2</load_address>
         <run_address>0xffd2</run_address>
         <size>0x2</size>
         <input_file_ref idref="fl-2"/>
      </object_component>
      <object_component id="oc-66">
         <name>.int42</name>
         <load_address>0xffd4</load_address>
         <run_address>0xffd4</run_address>
         <size>0x2</size>
         <input_file_ref idref="fl-2"/>
      </object_component>
      <object_component id="oc-67">
         <name>.int45</name>
         <load_address>0xffda</load_address>
         <run_address>0xffda</run_address>
         <size>0x2</size>
         <input_file_ref idref="fl-2"/>
      </object_component>
      <object_component id="oc-68">
         <name>.int46</name>
         <load_address>0xffdc</load_address>
         <run_address>0xffdc</run_address>
         <size>0x2</size>
         <input_file_ref idref="fl-5"/>
      </object_component>
      <object_component id="oc-69">
         <name>.int47</name>
         <load_address>0xffde</load_address>
         <run_address>0xffde</run_address>
         <size>0x2</size>
         <input_file_ref idref="fl-2"/>
      </object_component>
      <object_component id="oc-6a">
         <name>.int48</name>
         <load_address>0xffe0</load_address>
         <run_address>0xffe0</run_address>
         <size>0x2</size>
         <input_file_ref idref="fl-2"/>
      </object_component>
      <object_component id="oc-6b">
         <name>.int49</name>
         <load_address>0xffe2</load_address>
         <run_address>0xffe2</run_address>
         <size>0x2</size>
         <input_file_ref idref="fl-8"/>
      </object_component>
      <object_component id="oc-72">
         <name>.int50</name>
         <load_address>0xffe4</load_address>
         <run_address>0xffe4</run_address>
         <size>0x2</size>
         <input_file_ref idref="fl-9"/>
      </object_component>
      <object_component id="oc-73">
         <name>.int53</name>
         <load_address>0xffea</load_address>
         <run_address>0xffea</run_address>
         <size>0x2</size>
         <input_file_ref idref="fl-2"/>
      </object_component>
      <object_component id="oc-74">
         <name>.int54</name>
         <load_address>0xffec</load_address>
         <run_address>0xffec</run_address>
         <size>0x2</size>
         <input_file_ref idref="fl-2"/>
      </object_component>
      <object_component id="oc-75">
         <name>.int55</name>
         <load_address>0xffee</load_address>
         <run_address>0xffee</run_address>
         <size>0x2</size>
         <input_file_ref idref="fl-6"/>
      </object_component>
      <object_component id="oc-76">
         <name>.int56</name>
         <load_address>0xfff0</load_address>
         <run_address>0xfff0</run_address>
         <size>0x2</size>
         <input_file_ref idref="fl-a"/>
      </object_component>
      <object_component id="oc-77">
         <name>.int57</name>
         <load_address>0xfff2</load_address>
         <run_address>0xfff2</run_address>
         <size>0x2</size>
         <input_file_ref idref="fl-2"/>
      </object_component>
      <object_component id="oc-78">
         <name>.int58</name>
         <load_address>0xfff4</load_address>
         <run_address>0xfff4</run_address>
         <size>0x2</size>
         <input_file_ref idref="fl-2"/>
      </object_component>
      <object_component id="oc-79">
         <name>.int59</name>
         <load_address>0xfff6</load_address>
         <run_address>0xfff6</run_address>
         <size>0x2</size>
         <input_file_ref idref="fl-2"/>
      </object_component>
      <object_component id="oc-7a">
         <name>.int60</name>
         <load_address>0xfff8</load_address>
         <run_address>0xfff8</run_address>
         <size>0x2</size>
         <input_file_ref idref="fl-2"/>
      </object_component>
      <object_component id="oc-7b">
         <name>.int61</name>
         <load_address>0xfffa</load_address>
         <run_address>0xfffa</run_address>
         <size>0x2</size>
         <input_file_ref idref="fl-2"/>
      </object_component>
      <object_component id="oc-7c">
         <name>.int62</name>
         <load_address>0xfffc</load_address>
         <run_address>0xfffc</run_address>
         <size>0x2</size>
         <input_file_ref idref="fl-2"/>
      </object_component>
      <object_component id="oc-92">
         <name>.reset</name>
         <load_address>0xfffe</load_address>
         <run_address>0xfffe</run_address>
         <size>0x2</size>
         <input_file_ref idref="fl-3b"/>
      </object_component>
      <object_component id="oc-2af">
         <name>.common:btIsConnected</name>
         <uninitialized>true</uninitialized>
         <run_address>0x1dae</run_address>
         <size>0x1</size>
      </object_component>
      <object_component id="oc-1d7">
         <name>.common:sampleCounter</name>
         <uninitialized>true</uninitialized>
         <run_address>0x1dbe</run_address>
         <size>0x1</size>
      </object_component>
      <object_component id="oc-1d8">
         <name>.common:numberOfSteps</name>
         <uninitialized>true</uninitialized>
         <run_address>0x1daa</run_address>
         <size>0x2</size>
      </object_component>
      <object_component id="oc-2b4">
         <name>.common:adcStartPtr</name>
         <uninitialized>true</uninitialized>
         <run_address>0x1d9e</run_address>
         <size>0x4</size>
      </object_component>
      <object_component id="oc-2b5">
         <name>.common:test</name>
         <uninitialized>true</uninitialized>
         <run_address>0x1d66</run_address>
         <size>0x8</size>
      </object_component>
      <object_component id="oc-3a8">
         <name>.common:messageInProgress</name>
         <uninitialized>true</uninitialized>
         <run_address>0x1db5</run_address>
         <size>0x1</size>
      </object_component>
      <object_component id="oc-3ac">
         <name>.common:transmissionOverflow</name>
         <uninitialized>true</uninitialized>
         <run_address>0x1dc9</run_address>
         <size>0x1</size>
      </object_component>
      <object_component id="oc-3ab">
         <name>.common:messageLength</name>
         <uninitialized>true</uninitialized>
         <run_address>0x1db6</run_address>
         <size>0x1</size>
      </object_component>
      <object_component id="oc-3aa">
         <name>.common:messageBuffer</name>
         <uninitialized>true</uninitialized>
         <run_address>0x1c00</run_address>
         <size>0x100</size>
      </object_component>
      <object_component id="oc-132">
         <name>.common:receiveBuffer</name>
         <uninitialized>true</uninitialized>
         <run_address>0x1d98</run_address>
         <size>0x6</size>
      </object_component>
      <object_component id="oc-365">
         <name>.common:expectedCommandResponse</name>
         <uninitialized>true</uninitialized>
         <run_address>0x1d6e</run_address>
         <size>0x6</size>
      </object_component>
      <object_component id="oc-314">
         <name>.common:newName</name>
         <uninitialized>true</uninitialized>
         <run_address>0x1d20</run_address>
         <size>0x12</size>
      </object_component>
      <object_component id="oc-31c">
         <name>.common:newPIN</name>
         <uninitialized>true</uninitialized>
         <run_address>0x1d32</run_address>
         <size>0x12</size>
      </object_component>
      <object_component id="oc-320">
         <name>.common:newSvcClass</name>
         <uninitialized>true</uninitialized>
         <run_address>0x1d92</run_address>
         <size>0x6</size>
      </object_component>
      <object_component id="oc-324">
         <name>.common:newDevClass</name>
         <uninitialized>true</uninitialized>
         <run_address>0x1d7a</run_address>
         <size>0x6</size>
      </object_component>
      <object_component id="oc-328">
         <name>.common:newSvcName</name>
         <uninitialized>true</uninitialized>
         <run_address>0x1d44</run_address>
         <size>0x12</size>
      </object_component>
      <object_component id="oc-32c">
         <name>.common:newRawBaudrate</name>
         <uninitialized>true</uninitialized>
         <run_address>0x1d8c</run_address>
         <size>0x6</size>
      </object_component>
      <object_component id="oc-339">
         <name>.common:newBaudrate</name>
         <uninitialized>true</uninitialized>
         <run_address>0x1d74</run_address>
         <size>0x6</size>
      </object_component>
      <object_component id="oc-331">
         <name>.common:newInquiryTime</name>
         <uninitialized>true</uninitialized>
         <run_address>0x1d80</run_address>
         <size>0x6</size>
      </object_component>
      <object_component id="oc-335">
         <name>.common:newPagingTime</name>
         <uninitialized>true</uninitialized>
         <run_address>0x1d86</run_address>
         <size>0x6</size>
      </object_component>
      <object_component id="oc-318">
         <name>.common:newFriendlyName</name>
         <uninitialized>true</uninitialized>
         <run_address>0x1d56</run_address>
         <size>0x10</size>
      </object_component>
      <object_component id="oc-33b">
         <name>.common:commandbuf</name>
         <uninitialized>true</uninitialized>
         <run_address>0x1d00</run_address>
         <size>0x20</size>
      </object_component>
      <object_component id="oc-304">
         <name>.common:radioMode</name>
         <uninitialized>true</uninitialized>
         <run_address>0x1db9</run_address>
         <size>0x1</size>
      </object_component>
      <object_component id="oc-3a9">
         <name>.common:charsSent</name>
         <uninitialized>true</uninitialized>
         <run_address>0x1db0</run_address>
         <size>0x1</size>
      </object_component>
      <object_component id="oc-36c">
         <name>.common:charsReceived</name>
         <uninitialized>true</uninitialized>
         <run_address>0x1daf</run_address>
         <size>0x1</size>
      </object_component>
      <object_component id="oc-30d">
         <name>.common:discoverable</name>
         <uninitialized>true</uninitialized>
         <run_address>0x1db3</run_address>
         <size>0x1</size>
      </object_component>
      <object_component id="oc-30e">
         <name>.common:authenticate</name>
         <uninitialized>true</uninitialized>
         <run_address>0x1dac</run_address>
         <size>0x1</size>
      </object_component>
      <object_component id="oc-312">
         <name>.common:encrypt</name>
         <uninitialized>true</uninitialized>
         <run_address>0x1db4</run_address>
         <size>0x1</size>
      </object_component>
      <object_component id="oc-313">
         <name>.common:setNameRequest</name>
         <uninitialized>true</uninitialized>
         <run_address>0x1dc4</run_address>
         <size>0x1</size>
      </object_component>
      <object_component id="oc-31b">
         <name>.common:setPINRequest</name>
         <uninitialized>true</uninitialized>
         <run_address>0x1dc5</run_address>
         <size>0x1</size>
      </object_component>
      <object_component id="oc-302">
         <name>.common:resetDefaultsRequest</name>
         <uninitialized>true</uninitialized>
         <run_address>0x1dbb</run_address>
         <size>0x1</size>
      </object_component>
      <object_component id="oc-31f">
         <name>.common:setSvcClassRequest</name>
         <uninitialized>true</uninitialized>
         <run_address>0x1dc7</run_address>
         <size>0x1</size>
      </object_component>
      <object_component id="oc-323">
         <name>.common:setDevClassRequest</name>
         <uninitialized>true</uninitialized>
         <run_address>0x1dc2</run_address>
         <size>0x1</size>
      </object_component>
      <object_component id="oc-327">
         <name>.common:setSvcNameRequest</name>
         <uninitialized>true</uninitialized>
         <run_address>0x1dc8</run_address>
         <size>0x1</size>
      </object_component>
      <object_component id="oc-32b">
         <name>.common:setRawBaudrate</name>
         <uninitialized>true</uninitialized>
         <run_address>0x1dc6</run_address>
         <size>0x1</size>
      </object_component>
      <object_component id="oc-338">
         <name>.common:setBaudrate</name>
         <uninitialized>true</uninitialized>
         <run_address>0x1dbf</run_address>
         <size>0x1</size>
      </object_component>
      <object_component id="oc-32f">
         <name>.common:disableRemoteConfig</name>
         <uninitialized>true</uninitialized>
         <run_address>0x1db2</run_address>
         <size>0x1</size>
      </object_component>
      <object_component id="oc-303">
         <name>.common:newMode</name>
         <uninitialized>true</uninitialized>
         <run_address>0x1db8</run_address>
         <size>0x1</size>
      </object_component>
      <object_component id="oc-330">
         <name>.common:setCustomInquiryTime</name>
         <uninitialized>true</uninitialized>
         <run_address>0x1dc0</run_address>
         <size>0x1</size>
      </object_component>
      <object_component id="oc-334">
         <name>.common:setCustomPagingTime</name>
         <uninitialized>true</uninitialized>
         <run_address>0x1dc1</run_address>
         <size>0x1</size>
      </object_component>
      <object_component id="oc-30f">
         <name>.common:newAuthMode</name>
         <uninitialized>true</uninitialized>
         <run_address>0x1db7</run_address>
         <size>0x1</size>
      </object_component>
      <object_component id="oc-317">
         <name>.common:setFriendlyNameRequest</name>
         <uninitialized>true</uninitialized>
         <run_address>0x1dc3</run_address>
         <size>0x1</size>
      </object_component>
      <object_component id="oc-27e">
         <name>.common:btConnected</name>
         <uninitialized>true</uninitialized>
         <run_address>0x1dad</run_address>
         <size>0x1</size>
      </object_component>
      <object_component id="oc-27f">
         <name>.common:deviceConn</name>
         <uninitialized>true</uninitialized>
         <run_address>0x1db1</run_address>
         <size>0x1</size>
      </object_component>
      <object_component id="oc-181">
         <name>.common:tx_packet_length</name>
         <uninitialized>true</uninitialized>
         <run_address>0x1dcc</run_address>
         <size>0x1</size>
      </object_component>
      <object_component id="oc-184">
         <name>.common:tx_packet_data</name>
         <uninitialized>true</uninitialized>
         <run_address>0x1da6</run_address>
         <size>0x4</size>
      </object_component>
      <object_component id="oc-18c">
         <name>.common:rx_packet_length</name>
         <uninitialized>true</uninitialized>
         <run_address>0x1dbd</run_address>
         <size>0x1</size>
      </object_component>
      <object_component id="oc-18f">
         <name>.common:rx_packet_data</name>
         <uninitialized>true</uninitialized>
         <run_address>0x1da2</run_address>
         <size>0x4</size>
      </object_component>
      <object_component id="oc-18e">
         <name>.common:receive_flag</name>
         <uninitialized>true</uninitialized>
         <run_address>0x1dba</run_address>
         <size>0x1</size>
      </object_component>
      <object_component id="oc-182">
         <name>.common:transmit_flag</name>
         <uninitialized>true</uninitialized>
         <run_address>0x1dca</run_address>
         <size>0x1</size>
      </object_component>
      <object_component id="oc-18d">
         <name>.common:rx_byte_ctr</name>
         <uninitialized>true</uninitialized>
         <run_address>0x1dbc</run_address>
         <size>0x1</size>
      </object_component>
      <object_component id="oc-190">
         <name>.common:tx_byte_ctr</name>
         <uninitialized>true</uninitialized>
         <run_address>0x1dcb</run_address>
         <size>0x1</size>
      </object_component>
      <object_component id="oc-123">
         <name>.data</name>
         <load_address>0x1dce</load_address>
         <run_address>0x1dce</run_address>
         <size>0x4</size>
         <input_file_ref idref="fl-5"/>
      </object_component>
      <object_component id="oc-15f">
         <name>.data</name>
         <load_address>0x1dd6</load_address>
         <run_address>0x1dd6</run_address>
         <size>0x4</size>
         <input_file_ref idref="fl-9"/>
      </object_component>
      <object_component id="oc-163">
         <name>.data</name>
         <load_address>0x1dd2</load_address>
         <run_address>0x1dd2</run_address>
         <size>0x4</size>
         <input_file_ref idref="fl-6"/>
      </object_component>
      <object_component id="oc-6d">
         <name>.debug_aranges</name>
         <load_address>0x0</load_address>
         <run_address>0x0</run_address>
         <size>0x20</size>
         <input_file_ref idref="fl-3b"/>
      </object_component>
      <object_component id="oc-7e">
         <name>.debug_aranges</name>
         <load_address>0x20</load_address>
         <run_address>0x20</run_address>
         <size>0x20</size>
         <input_file_ref idref="fl-3c"/>
      </object_component>
      <object_component id="oc-86">
         <name>.debug_aranges</name>
         <load_address>0x40</load_address>
         <run_address>0x40</run_address>
         <size>0x20</size>
         <input_file_ref idref="fl-3e"/>
      </object_component>
      <object_component id="oc-8a">
         <name>.debug_aranges</name>
         <load_address>0x60</load_address>
         <run_address>0x60</run_address>
         <size>0x20</size>
         <input_file_ref idref="fl-3d"/>
      </object_component>
      <object_component id="oc-96">
         <name>.debug_aranges</name>
         <load_address>0x80</load_address>
         <run_address>0x80</run_address>
         <size>0x20</size>
         <input_file_ref idref="fl-2"/>
      </object_component>
      <object_component id="oc-9c">
         <name>.debug_aranges</name>
         <load_address>0xa0</load_address>
         <run_address>0xa0</run_address>
         <size>0x20</size>
         <input_file_ref idref="fl-2"/>
      </object_component>
      <object_component id="oc-a1">
         <name>.debug_aranges</name>
         <load_address>0xc0</load_address>
         <run_address>0xc0</run_address>
         <size>0x20</size>
         <input_file_ref idref="fl-5"/>
      </object_component>
      <object_component id="oc-a8">
         <name>.debug_aranges</name>
         <load_address>0xe0</load_address>
         <run_address>0xe0</run_address>
         <size>0x20</size>
         <input_file_ref idref="fl-2"/>
      </object_component>
      <object_component id="oc-ad">
         <name>.debug_aranges</name>
         <load_address>0x100</load_address>
         <run_address>0x100</run_address>
         <size>0x20</size>
         <input_file_ref idref="fl-8"/>
      </object_component>
      <object_component id="oc-b4">
         <name>.debug_aranges</name>
         <load_address>0x120</load_address>
         <run_address>0x120</run_address>
         <size>0x20</size>
         <input_file_ref idref="fl-3"/>
      </object_component>
      <object_component id="oc-b9">
         <name>.debug_aranges</name>
         <load_address>0x140</load_address>
         <run_address>0x140</run_address>
         <size>0x20</size>
         <input_file_ref idref="fl-4d"/>
      </object_component>
      <object_component id="oc-bf">
         <name>.debug_aranges</name>
         <load_address>0x160</load_address>
         <run_address>0x160</run_address>
         <size>0x20</size>
         <input_file_ref idref="fl-2"/>
      </object_component>
      <object_component id="oc-c5">
         <name>.debug_aranges</name>
         <load_address>0x180</load_address>
         <run_address>0x180</run_address>
         <size>0x20</size>
         <input_file_ref idref="fl-40"/>
      </object_component>
      <object_component id="oc-cc">
         <name>.debug_aranges</name>
         <load_address>0x1a0</load_address>
         <run_address>0x1a0</run_address>
         <size>0x20</size>
         <input_file_ref idref="fl-9"/>
      </object_component>
      <object_component id="oc-d4">
         <name>.debug_aranges</name>
         <load_address>0x1c0</load_address>
         <run_address>0x1c0</run_address>
         <size>0x20</size>
         <input_file_ref idref="fl-6"/>
      </object_component>
      <object_component id="oc-d7">
         <name>.debug_aranges</name>
         <load_address>0x1e0</load_address>
         <run_address>0x1e0</run_address>
         <size>0x20</size>
         <input_file_ref idref="fl-a"/>
      </object_component>
      <object_component id="oc-df">
         <name>.debug_aranges</name>
         <load_address>0x200</load_address>
         <run_address>0x200</run_address>
         <size>0x20</size>
         <input_file_ref idref="fl-2"/>
      </object_component>
      <object_component id="oc-e6">
         <name>.debug_aranges</name>
         <load_address>0x220</load_address>
         <run_address>0x220</run_address>
         <size>0x20</size>
         <input_file_ref idref="fl-43"/>
      </object_component>
      <object_component id="oc-f7">
         <name>.debug_aranges</name>
         <load_address>0x240</load_address>
         <run_address>0x240</run_address>
         <size>0x20</size>
         <input_file_ref idref="fl-3d"/>
      </object_component>
      <object_component id="oc-10d">
         <name>.debug_aranges</name>
         <load_address>0x260</load_address>
         <run_address>0x260</run_address>
         <size>0x20</size>
         <input_file_ref idref="fl-7"/>
      </object_component>
      <object_component id="oc-113">
         <name>.debug_aranges</name>
         <load_address>0x280</load_address>
         <run_address>0x280</run_address>
         <size>0x20</size>
         <input_file_ref idref="fl-7"/>
      </object_component>
      <object_component id="oc-11d">
         <name>.debug_aranges</name>
         <load_address>0x2a0</load_address>
         <run_address>0x2a0</run_address>
         <size>0x20</size>
         <input_file_ref idref="fl-5"/>
      </object_component>
      <object_component id="oc-12c">
         <name>.debug_aranges</name>
         <load_address>0x2c0</load_address>
         <run_address>0x2c0</run_address>
         <size>0x20</size>
         <input_file_ref idref="fl-49"/>
      </object_component>
      <object_component id="oc-137">
         <name>.debug_aranges</name>
         <load_address>0x2e0</load_address>
         <run_address>0x2e0</run_address>
         <size>0x20</size>
         <input_file_ref idref="fl-42"/>
      </object_component>
      <object_component id="oc-13e">
         <name>.debug_aranges</name>
         <load_address>0x300</load_address>
         <run_address>0x300</run_address>
         <size>0x20</size>
         <input_file_ref idref="fl-5"/>
      </object_component>
      <object_component id="oc-144">
         <name>.debug_aranges</name>
         <load_address>0x320</load_address>
         <run_address>0x320</run_address>
         <size>0x20</size>
         <input_file_ref idref="fl-5"/>
      </object_component>
      <object_component id="oc-150">
         <name>.debug_aranges</name>
         <load_address>0x340</load_address>
         <run_address>0x340</run_address>
         <size>0x20</size>
         <input_file_ref idref="fl-8"/>
      </object_component>
      <object_component id="oc-159">
         <name>.debug_aranges</name>
         <load_address>0x360</load_address>
         <run_address>0x360</run_address>
         <size>0x20</size>
         <input_file_ref idref="fl-2"/>
      </object_component>
      <object_component id="oc-170">
         <name>.debug_aranges</name>
         <load_address>0x380</load_address>
         <run_address>0x380</run_address>
         <size>0x20</size>
         <input_file_ref idref="fl-a"/>
      </object_component>
      <object_component id="oc-176">
         <name>.debug_aranges</name>
         <load_address>0x3a0</load_address>
         <run_address>0x3a0</run_address>
         <size>0x20</size>
         <input_file_ref idref="fl-a"/>
      </object_component>
      <object_component id="oc-194">
         <name>.debug_aranges</name>
         <load_address>0x3c0</load_address>
         <run_address>0x3c0</run_address>
         <size>0x20</size>
         <input_file_ref idref="fl-9"/>
      </object_component>
      <object_component id="oc-19c">
         <name>.debug_aranges</name>
         <load_address>0x3e0</load_address>
         <run_address>0x3e0</run_address>
         <size>0x20</size>
         <input_file_ref idref="fl-6"/>
      </object_component>
      <object_component id="oc-1db">
         <name>.debug_aranges</name>
         <load_address>0x400</load_address>
         <run_address>0x400</run_address>
         <size>0x20</size>
         <input_file_ref idref="fl-7"/>
      </object_component>
      <object_component id="oc-1e0">
         <name>.debug_aranges</name>
         <load_address>0x420</load_address>
         <run_address>0x420</run_address>
         <size>0x20</size>
         <input_file_ref idref="fl-c"/>
      </object_component>
      <object_component id="oc-1e8">
         <name>.debug_aranges</name>
         <load_address>0x440</load_address>
         <run_address>0x440</run_address>
         <size>0x20</size>
         <input_file_ref idref="fl-b"/>
      </object_component>
      <object_component id="oc-1ed">
         <name>.debug_aranges</name>
         <load_address>0x460</load_address>
         <run_address>0x460</run_address>
         <size>0x20</size>
         <input_file_ref idref="fl-b"/>
      </object_component>
      <object_component id="oc-1f3">
         <name>.debug_aranges</name>
         <load_address>0x480</load_address>
         <run_address>0x480</run_address>
         <size>0x20</size>
         <input_file_ref idref="fl-8"/>
      </object_component>
      <object_component id="oc-1f9">
         <name>.debug_aranges</name>
         <load_address>0x4a0</load_address>
         <run_address>0x4a0</run_address>
         <size>0x20</size>
         <input_file_ref idref="fl-5"/>
      </object_component>
      <object_component id="oc-1ff">
         <name>.debug_aranges</name>
         <load_address>0x4c0</load_address>
         <run_address>0x4c0</run_address>
         <size>0x20</size>
         <input_file_ref idref="fl-5"/>
      </object_component>
      <object_component id="oc-206">
         <name>.debug_aranges</name>
         <load_address>0x4e0</load_address>
         <run_address>0x4e0</run_address>
         <size>0x20</size>
         <input_file_ref idref="fl-5"/>
      </object_component>
      <object_component id="oc-20c">
         <name>.debug_aranges</name>
         <load_address>0x500</load_address>
         <run_address>0x500</run_address>
         <size>0x20</size>
         <input_file_ref idref="fl-5"/>
      </object_component>
      <object_component id="oc-212">
         <name>.debug_aranges</name>
         <load_address>0x520</load_address>
         <run_address>0x520</run_address>
         <size>0x20</size>
         <input_file_ref idref="fl-5"/>
      </object_component>
      <object_component id="oc-218">
         <name>.debug_aranges</name>
         <load_address>0x540</load_address>
         <run_address>0x540</run_address>
         <size>0x20</size>
         <input_file_ref idref="fl-2"/>
      </object_component>
      <object_component id="oc-21e">
         <name>.debug_aranges</name>
         <load_address>0x560</load_address>
         <run_address>0x560</run_address>
         <size>0x20</size>
         <input_file_ref idref="fl-5"/>
      </object_component>
      <object_component id="oc-225">
         <name>.debug_aranges</name>
         <load_address>0x580</load_address>
         <run_address>0x580</run_address>
         <size>0x20</size>
         <input_file_ref idref="fl-2"/>
      </object_component>
      <object_component id="oc-22a">
         <name>.debug_aranges</name>
         <load_address>0x5a0</load_address>
         <run_address>0x5a0</run_address>
         <size>0x20</size>
         <input_file_ref idref="fl-6"/>
      </object_component>
      <object_component id="oc-231">
         <name>.debug_aranges</name>
         <load_address>0x5c0</load_address>
         <run_address>0x5c0</run_address>
         <size>0x20</size>
         <input_file_ref idref="fl-2"/>
      </object_component>
      <object_component id="oc-236">
         <name>.debug_aranges</name>
         <load_address>0x5e0</load_address>
         <run_address>0x5e0</run_address>
         <size>0x20</size>
         <input_file_ref idref="fl-9"/>
      </object_component>
      <object_component id="oc-23f">
         <name>.debug_aranges</name>
         <load_address>0x600</load_address>
         <run_address>0x600</run_address>
         <size>0x20</size>
         <input_file_ref idref="fl-9"/>
      </object_component>
      <object_component id="oc-259">
         <name>.debug_aranges</name>
         <load_address>0x620</load_address>
         <run_address>0x620</run_address>
         <size>0x20</size>
         <input_file_ref idref="fl-c"/>
      </object_component>
      <object_component id="oc-25f">
         <name>.debug_aranges</name>
         <load_address>0x640</load_address>
         <run_address>0x640</run_address>
         <size>0x20</size>
         <input_file_ref idref="fl-c"/>
      </object_component>
      <object_component id="oc-287">
         <name>.debug_aranges</name>
         <load_address>0x660</load_address>
         <run_address>0x660</run_address>
         <size>0x20</size>
         <input_file_ref idref="fl-5"/>
      </object_component>
      <object_component id="oc-28d">
         <name>.debug_aranges</name>
         <load_address>0x680</load_address>
         <run_address>0x680</run_address>
         <size>0x20</size>
         <input_file_ref idref="fl-5"/>
      </object_component>
      <object_component id="oc-29b">
         <name>.debug_aranges</name>
         <load_address>0x6a0</load_address>
         <run_address>0x6a0</run_address>
         <size>0x20</size>
         <input_file_ref idref="fl-46"/>
      </object_component>
      <object_component id="oc-2a4">
         <name>.debug_aranges</name>
         <load_address>0x6c0</load_address>
         <run_address>0x6c0</run_address>
         <size>0x20</size>
         <input_file_ref idref="fl-5"/>
      </object_component>
      <object_component id="oc-2ab">
         <name>.debug_aranges</name>
         <load_address>0x6e0</load_address>
         <run_address>0x6e0</run_address>
         <size>0x20</size>
         <input_file_ref idref="fl-5"/>
      </object_component>
      <object_component id="oc-2b8">
         <name>.debug_aranges</name>
         <load_address>0x700</load_address>
         <run_address>0x700</run_address>
         <size>0x20</size>
         <input_file_ref idref="fl-9"/>
      </object_component>
      <object_component id="oc-2c0">
         <name>.debug_aranges</name>
         <load_address>0x720</load_address>
         <run_address>0x720</run_address>
         <size>0x20</size>
         <input_file_ref idref="fl-6"/>
      </object_component>
      <object_component id="oc-2c3">
         <name>.debug_aranges</name>
         <load_address>0x740</load_address>
         <run_address>0x740</run_address>
         <size>0x20</size>
         <input_file_ref idref="fl-9"/>
      </object_component>
      <object_component id="oc-2ca">
         <name>.debug_aranges</name>
         <load_address>0x760</load_address>
         <run_address>0x760</run_address>
         <size>0x20</size>
         <input_file_ref idref="fl-7"/>
      </object_component>
      <object_component id="oc-2e0">
         <name>.debug_aranges</name>
         <load_address>0x780</load_address>
         <run_address>0x780</run_address>
         <size>0x20</size>
         <input_file_ref idref="fl-46"/>
      </object_component>
      <object_component id="oc-2e7">
         <name>.debug_aranges</name>
         <load_address>0x7a0</load_address>
         <run_address>0x7a0</run_address>
         <size>0x20</size>
         <input_file_ref idref="fl-46"/>
      </object_component>
      <object_component id="oc-2eb">
         <name>.debug_aranges</name>
         <load_address>0x7c0</load_address>
         <run_address>0x7c0</run_address>
         <size>0x20</size>
         <input_file_ref idref="fl-4b"/>
      </object_component>
      <object_component id="oc-2fe">
         <name>.debug_aranges</name>
         <load_address>0x7e0</load_address>
         <run_address>0x7e0</run_address>
         <size>0x20</size>
         <input_file_ref idref="fl-5"/>
      </object_component>
      <object_component id="oc-308">
         <name>.debug_aranges</name>
         <load_address>0x800</load_address>
         <run_address>0x800</run_address>
         <size>0x20</size>
         <input_file_ref idref="fl-47"/>
      </object_component>
      <object_component id="oc-33f">
         <name>.debug_aranges</name>
         <load_address>0x820</load_address>
         <run_address>0x820</run_address>
         <size>0x20</size>
         <input_file_ref idref="fl-5"/>
      </object_component>
      <object_component id="oc-34b">
         <name>.debug_aranges</name>
         <load_address>0x840</load_address>
         <run_address>0x840</run_address>
         <size>0x20</size>
         <input_file_ref idref="fl-4b"/>
      </object_component>
      <object_component id="oc-351">
         <name>.debug_aranges</name>
         <load_address>0x860</load_address>
         <run_address>0x860</run_address>
         <size>0x20</size>
         <input_file_ref idref="fl-4b"/>
      </object_component>
      <object_component id="oc-368">
         <name>.debug_aranges</name>
         <load_address>0x880</load_address>
         <run_address>0x880</run_address>
         <size>0x20</size>
         <input_file_ref idref="fl-48"/>
      </object_component>
      <object_component id="oc-36f">
         <name>.debug_aranges</name>
         <load_address>0x8a0</load_address>
         <run_address>0x8a0</run_address>
         <size>0x20</size>
         <input_file_ref idref="fl-5"/>
      </object_component>
      <object_component id="oc-376">
         <name>.debug_aranges</name>
         <load_address>0x8c0</load_address>
         <run_address>0x8c0</run_address>
         <size>0x20</size>
         <input_file_ref idref="fl-47"/>
      </object_component>
      <object_component id="oc-37c">
         <name>.debug_aranges</name>
         <load_address>0x8e0</load_address>
         <run_address>0x8e0</run_address>
         <size>0x20</size>
         <input_file_ref idref="fl-47"/>
      </object_component>
      <object_component id="oc-384">
         <name>.debug_aranges</name>
         <load_address>0x900</load_address>
         <run_address>0x900</run_address>
         <size>0x20</size>
         <input_file_ref idref="fl-5"/>
      </object_component>
      <object_component id="oc-38c">
         <name>.debug_aranges</name>
         <load_address>0x920</load_address>
         <run_address>0x920</run_address>
         <size>0x20</size>
         <input_file_ref idref="fl-50"/>
      </object_component>
      <object_component id="oc-391">
         <name>.debug_aranges</name>
         <load_address>0x940</load_address>
         <run_address>0x940</run_address>
         <size>0x20</size>
         <input_file_ref idref="fl-4b"/>
      </object_component>
      <object_component id="oc-399">
         <name>.debug_aranges</name>
         <load_address>0x960</load_address>
         <run_address>0x960</run_address>
         <size>0x20</size>
         <input_file_ref idref="fl-4f"/>
      </object_component>
      <object_component id="oc-3b6">
         <name>.debug_aranges</name>
         <load_address>0x980</load_address>
         <run_address>0x980</run_address>
         <size>0x20</size>
         <input_file_ref idref="fl-4b"/>
      </object_component>
      <object_component id="oc-3bc">
         <name>.debug_aranges</name>
         <load_address>0x9a0</load_address>
         <run_address>0x9a0</run_address>
         <size>0x20</size>
         <input_file_ref idref="fl-4b"/>
      </object_component>
      <object_component id="oc-3ca">
         <name>.debug_aranges</name>
         <load_address>0x9c0</load_address>
         <run_address>0x9c0</run_address>
         <size>0x20</size>
         <input_file_ref idref="fl-4b"/>
      </object_component>
      <object_component id="oc-3d2">
         <name>.debug_aranges</name>
         <load_address>0x9e0</load_address>
         <run_address>0x9e0</run_address>
         <size>0x20</size>
         <input_file_ref idref="fl-45"/>
      </object_component>
      <object_component id="oc-3da">
         <name>.debug_aranges</name>
         <load_address>0xa00</load_address>
         <run_address>0xa00</run_address>
         <size>0x20</size>
         <input_file_ref idref="fl-4e"/>
      </object_component>
      <object_component id="oc-6e">
         <name>.debug_frame</name>
         <load_address>0x0</load_address>
         <run_address>0x0</run_address>
         <size>0x42</size>
         <input_file_ref idref="fl-3b"/>
      </object_component>
      <object_component id="oc-80">
         <name>.debug_frame</name>
         <load_address>0x42</load_address>
         <run_address>0x42</run_address>
         <size>0x47</size>
         <input_file_ref idref="fl-3c"/>
      </object_component>
      <object_component id="oc-88">
         <name>.debug_frame</name>
         <load_address>0x89</load_address>
         <run_address>0x89</run_address>
         <size>0x47</size>
         <input_file_ref idref="fl-3e"/>
      </object_component>
      <object_component id="oc-8e">
         <name>.debug_frame</name>
         <load_address>0xd0</load_address>
         <run_address>0xd0</run_address>
         <size>0x47</size>
         <input_file_ref idref="fl-3d"/>
      </object_component>
      <object_component id="oc-98">
         <name>.debug_frame</name>
         <load_address>0x117</load_address>
         <run_address>0x117</run_address>
         <size>0x47</size>
         <input_file_ref idref="fl-2"/>
      </object_component>
      <object_component id="oc-9e">
         <name>.debug_frame</name>
         <load_address>0x15e</load_address>
         <run_address>0x15e</run_address>
         <size>0x5c</size>
         <input_file_ref idref="fl-2"/>
      </object_component>
      <object_component id="oc-a4">
         <name>.debug_frame</name>
         <load_address>0x1ba</load_address>
         <run_address>0x1ba</run_address>
         <size>0x5d</size>
         <input_file_ref idref="fl-5"/>
      </object_component>
      <object_component id="oc-aa">
         <name>.debug_frame</name>
         <load_address>0x217</load_address>
         <run_address>0x217</run_address>
         <size>0x5c</size>
         <input_file_ref idref="fl-2"/>
      </object_component>
      <object_component id="oc-af">
         <name>.debug_frame</name>
         <load_address>0x273</load_address>
         <run_address>0x273</run_address>
         <size>0x5c</size>
         <input_file_ref idref="fl-8"/>
      </object_component>
      <object_component id="oc-b6">
         <name>.debug_frame</name>
         <load_address>0x2cf</load_address>
         <run_address>0x2cf</run_address>
         <size>0x47</size>
         <input_file_ref idref="fl-3"/>
      </object_component>
      <object_component id="oc-b8">
         <name>.debug_frame</name>
         <load_address>0x316</load_address>
         <run_address>0x316</run_address>
         <size>0x56</size>
         <input_file_ref idref="fl-4d"/>
      </object_component>
      <object_component id="oc-c2">
         <name>.debug_frame</name>
         <load_address>0x36c</load_address>
         <run_address>0x36c</run_address>
         <size>0x47</size>
         <input_file_ref idref="fl-2"/>
      </object_component>
      <object_component id="oc-c8">
         <name>.debug_frame</name>
         <load_address>0x3b3</load_address>
         <run_address>0x3b3</run_address>
         <size>0x47</size>
         <input_file_ref idref="fl-40"/>
      </object_component>
      <object_component id="oc-cb">
         <name>.debug_frame</name>
         <load_address>0x3fa</load_address>
         <run_address>0x3fa</run_address>
         <size>0x5c</size>
         <input_file_ref idref="fl-9"/>
      </object_component>
      <object_component id="oc-d5">
         <name>.debug_frame</name>
         <load_address>0x456</load_address>
         <run_address>0x456</run_address>
         <size>0x5c</size>
         <input_file_ref idref="fl-6"/>
      </object_component>
      <object_component id="oc-db">
         <name>.debug_frame</name>
         <load_address>0x4b2</load_address>
         <run_address>0x4b2</run_address>
         <size>0x5d</size>
         <input_file_ref idref="fl-a"/>
      </object_component>
      <object_component id="oc-e1">
         <name>.debug_frame</name>
         <load_address>0x50f</load_address>
         <run_address>0x50f</run_address>
         <size>0x5c</size>
         <input_file_ref idref="fl-2"/>
      </object_component>
      <object_component id="oc-e3">
         <name>.debug_frame</name>
         <load_address>0x56b</load_address>
         <run_address>0x56b</run_address>
         <size>0x47</size>
         <input_file_ref idref="fl-43"/>
      </object_component>
      <object_component id="oc-fb">
         <name>.debug_frame</name>
         <load_address>0x5b2</load_address>
         <run_address>0x5b2</run_address>
         <size>0x53</size>
         <input_file_ref idref="fl-3d"/>
      </object_component>
      <object_component id="oc-110">
         <name>.debug_frame</name>
         <load_address>0x605</load_address>
         <run_address>0x605</run_address>
         <size>0x47</size>
         <input_file_ref idref="fl-7"/>
      </object_component>
      <object_component id="oc-116">
         <name>.debug_frame</name>
         <load_address>0x64c</load_address>
         <run_address>0x64c</run_address>
         <size>0x47</size>
         <input_file_ref idref="fl-7"/>
      </object_component>
      <object_component id="oc-120">
         <name>.debug_frame</name>
         <load_address>0x693</load_address>
         <run_address>0x693</run_address>
         <size>0x47</size>
         <input_file_ref idref="fl-5"/>
      </object_component>
      <object_component id="oc-12f">
         <name>.debug_frame</name>
         <load_address>0x6da</load_address>
         <run_address>0x6da</run_address>
         <size>0x47</size>
         <input_file_ref idref="fl-49"/>
      </object_component>
      <object_component id="oc-139">
         <name>.debug_frame</name>
         <load_address>0x721</load_address>
         <run_address>0x721</run_address>
         <size>0x4b</size>
         <input_file_ref idref="fl-42"/>
      </object_component>
      <object_component id="oc-141">
         <name>.debug_frame</name>
         <load_address>0x76c</load_address>
         <run_address>0x76c</run_address>
         <size>0x47</size>
         <input_file_ref idref="fl-5"/>
      </object_component>
      <object_component id="oc-147">
         <name>.debug_frame</name>
         <load_address>0x7b3</load_address>
         <run_address>0x7b3</run_address>
         <size>0x47</size>
         <input_file_ref idref="fl-5"/>
      </object_component>
      <object_component id="oc-151">
         <name>.debug_frame</name>
         <load_address>0x7fa</load_address>
         <run_address>0x7fa</run_address>
         <size>0x47</size>
         <input_file_ref idref="fl-8"/>
      </object_component>
      <object_component id="oc-15c">
         <name>.debug_frame</name>
         <load_address>0x841</load_address>
         <run_address>0x841</run_address>
         <size>0x48</size>
         <input_file_ref idref="fl-2"/>
      </object_component>
      <object_component id="oc-173">
         <name>.debug_frame</name>
         <load_address>0x889</load_address>
         <run_address>0x889</run_address>
         <size>0x47</size>
         <input_file_ref idref="fl-a"/>
      </object_component>
      <object_component id="oc-17a">
         <name>.debug_frame</name>
         <load_address>0x8d0</load_address>
         <run_address>0x8d0</run_address>
         <size>0x47</size>
         <input_file_ref idref="fl-a"/>
      </object_component>
      <object_component id="oc-193">
         <name>.debug_frame</name>
         <load_address>0x917</load_address>
         <run_address>0x917</run_address>
         <size>0x47</size>
         <input_file_ref idref="fl-9"/>
      </object_component>
      <object_component id="oc-19d">
         <name>.debug_frame</name>
         <load_address>0x95e</load_address>
         <run_address>0x95e</run_address>
         <size>0x47</size>
         <input_file_ref idref="fl-6"/>
      </object_component>
      <object_component id="oc-1de">
         <name>.debug_frame</name>
         <load_address>0x9a5</load_address>
         <run_address>0x9a5</run_address>
         <size>0x48</size>
         <input_file_ref idref="fl-7"/>
      </object_component>
      <object_component id="oc-1e4">
         <name>.debug_frame</name>
         <load_address>0x9ed</load_address>
         <run_address>0x9ed</run_address>
         <size>0x53</size>
         <input_file_ref idref="fl-c"/>
      </object_component>
      <object_component id="oc-1ea">
         <name>.debug_frame</name>
         <load_address>0xa40</load_address>
         <run_address>0xa40</run_address>
         <size>0x47</size>
         <input_file_ref idref="fl-b"/>
      </object_component>
      <object_component id="oc-1ef">
         <name>.debug_frame</name>
         <load_address>0xa87</load_address>
         <run_address>0xa87</run_address>
         <size>0x47</size>
         <input_file_ref idref="fl-b"/>
      </object_component>
      <object_component id="oc-1f6">
         <name>.debug_frame</name>
         <load_address>0xace</load_address>
         <run_address>0xace</run_address>
         <size>0x47</size>
         <input_file_ref idref="fl-8"/>
      </object_component>
      <object_component id="oc-1fc">
         <name>.debug_frame</name>
         <load_address>0xb15</load_address>
         <run_address>0xb15</run_address>
         <size>0x47</size>
         <input_file_ref idref="fl-5"/>
      </object_component>
      <object_component id="oc-202">
         <name>.debug_frame</name>
         <load_address>0xb5c</load_address>
         <run_address>0xb5c</run_address>
         <size>0x47</size>
         <input_file_ref idref="fl-5"/>
      </object_component>
      <object_component id="oc-209">
         <name>.debug_frame</name>
         <load_address>0xba3</load_address>
         <run_address>0xba3</run_address>
         <size>0x4d</size>
         <input_file_ref idref="fl-5"/>
      </object_component>
      <object_component id="oc-20f">
         <name>.debug_frame</name>
         <load_address>0xbf0</load_address>
         <run_address>0xbf0</run_address>
         <size>0x4d</size>
         <input_file_ref idref="fl-5"/>
      </object_component>
      <object_component id="oc-215">
         <name>.debug_frame</name>
         <load_address>0xc3d</load_address>
         <run_address>0xc3d</run_address>
         <size>0x47</size>
         <input_file_ref idref="fl-5"/>
      </object_component>
      <object_component id="oc-21b">
         <name>.debug_frame</name>
         <load_address>0xc84</load_address>
         <run_address>0xc84</run_address>
         <size>0x47</size>
         <input_file_ref idref="fl-2"/>
      </object_component>
      <object_component id="oc-221">
         <name>.debug_frame</name>
         <load_address>0xccb</load_address>
         <run_address>0xccb</run_address>
         <size>0x47</size>
         <input_file_ref idref="fl-5"/>
      </object_component>
      <object_component id="oc-227">
         <name>.debug_frame</name>
         <load_address>0xd12</load_address>
         <run_address>0xd12</run_address>
         <size>0x47</size>
         <input_file_ref idref="fl-2"/>
      </object_component>
      <object_component id="oc-22d">
         <name>.debug_frame</name>
         <load_address>0xd59</load_address>
         <run_address>0xd59</run_address>
         <size>0x48</size>
         <input_file_ref idref="fl-6"/>
      </object_component>
      <object_component id="oc-234">
         <name>.debug_frame</name>
         <load_address>0xda1</load_address>
         <run_address>0xda1</run_address>
         <size>0x47</size>
         <input_file_ref idref="fl-2"/>
      </object_component>
      <object_component id="oc-237">
         <name>.debug_frame</name>
         <load_address>0xde8</load_address>
         <run_address>0xde8</run_address>
[...]
         <name>__TI_int47</name>
         <value>0xffde</value>
         <object_component_ref idref="oc-69"/>
      </symbol>
      <symbol id="sm-340">
         <name>__TI_int45</name>
         <value>0xffda</value>
         <object_component_ref idref="oc-67"/>
      </symbol>
      <symbol id="sm-341">
         <name>__TI_int42</name>
         <value>0xffd4</value>
         <object_component_ref idref="oc-66"/>
      </symbol>
      <symbol id="sm-342">
         <name>__TI_int41</name>
         <value>0xffd2</value>
         <object_component_ref idref="oc-65"/>
      </symbol>
      <symbol id="sm-343">
         <name>__TI_int58</name>
         <value>0xfff4</value>
         <object_component_ref idref="oc-78"/>
      </symbol>
      <symbol id="sm-344">
         <name>__TI_int59</name>
         <value>0xfff6</value>
         <object_component_ref idref="oc-79"/>
      </symbol>
      <symbol id="sm-345">
         <name>__TI_int57</name>
         <value>0xfff2</value>
         <object_component_ref idref="oc-77"/>
      </symbol>
      <symbol id="sm-346">
         <name>__TI_int54</name>
         <value>0xffec</value>
         <object_component_ref idref="oc-74"/>
      </symbol>
      <symbol id="sm-347">
         <name>__TI_int53</name>
         <value>0xffea</value>
         <object_component_ref idref="oc-73"/>
      </symbol>
      <symbol id="sm-348">
         <name>Init</name>
         <value>0x10d62</value>
         <object_component_ref idref="oc-157"/>
      </symbol>
      <symbol id="sm-349">
         <name>TrapIsr</name>
         <value>0x5f04</value>
         <object_component_ref idref="oc-93"/>
      </symbol>
      <symbol id="sm-34a">
         <name>Dma0ConversionDone</name>
         <value>0x114b0</value>
         <object_component_ref idref="oc-22f"/>
      </symbol>
      <symbol id="sm-34b">
         <name>main</name>
         <value>0x116b6</value>
         <object_component_ref idref="oc-bd"/>
      </symbol>
      <symbol id="sm-34c">
         <name>StartSensing</name>
         <value>0x11642</value>
         <object_component_ref idref="oc-222"/>
      </symbol>
      <symbol id="sm-34d">
         <name>Port2_ISR</name>
         <value>0x5e78</value>
         <object_component_ref idref="oc-99"/>
      </symbol>
      <symbol id="sm-34e">
         <name>BtDataAvailable</name>
         <value>0x1156c</value>
         <object_component_ref idref="oc-216"/>
      </symbol>
      <symbol id="sm-34f">
         <name>TIMER0_B1_ISR</name>
         <value>0x5ec2</value>
         <object_component_ref idref="oc-dc"/>
      </symbol>
      <symbol id="sm-358">
         <name>_system_pre_init</name>
         <value>0x11700</value>
         <object_component_ref idref="oc-b1"/>
      </symbol>
      <symbol id="sm-482">
         <name>messageInProgress</name>
         <value>0x1db5</value>
      </symbol>
      <symbol id="sm-483">
         <name>transmissionOverflow</name>
         <value>0x1dc9</value>
      </symbol>
      <symbol id="sm-484">
         <name>messageLength</name>
         <value>0x1db6</value>
      </symbol>
      <symbol id="sm-485">
         <name>messageBuffer</name>
         <value>0x1c00</value>
      </symbol>
      <symbol id="sm-486">
         <name>receiveBuffer</name>
         <value>0x1d98</value>
      </symbol>
      <symbol id="sm-487">
         <name>expectedCommandResponse</name>
         <value>0x1d6e</value>
      </symbol>
      <symbol id="sm-488">
         <name>newName</name>
         <value>0x1d20</value>
      </symbol>
      <symbol id="sm-489">
         <name>newPIN</name>
         <value>0x1d32</value>
      </symbol>
      <symbol id="sm-48a">
         <name>newSvcClass</name>
         <value>0x1d92</value>
      </symbol>
      <symbol id="sm-48b">
         <name>newDevClass</name>
         <value>0x1d7a</value>
      </symbol>
      <symbol id="sm-48c">
         <name>newSvcName</name>
         <value>0x1d44</value>
      </symbol>
      <symbol id="sm-48d">
         <name>newRawBaudrate</name>
         <value>0x1d8c</value>
      </symbol>
      <symbol id="sm-48e">
         <name>newBaudrate</name>
         <value>0x1d74</value>
      </symbol>
      <symbol id="sm-48f">
         <name>newInquiryTime</name>
         <value>0x1d80</value>
      </symbol>
      <symbol id="sm-490">
         <name>newPagingTime</name>
         <value>0x1d86</value>
      </symbol>
      <symbol id="sm-491">
         <name>newFriendlyName</name>
         <value>0x1d56</value>
      </symbol>
      <symbol id="sm-492">
         <name>commandbuf</name>
         <value>0x1d00</value>
      </symbol>
      <symbol id="sm-493">
         <name>radioMode</name>
         <value>0x1db9</value>
      </symbol>
      <symbol id="sm-494">
         <name>charsSent</name>
         <value>0x1db0</value>
      </symbol>
      <symbol id="sm-495">
         <name>charsReceived</name>
         <value>0x1daf</value>
      </symbol>
      <symbol id="sm-496">
         <name>discoverable</name>
         <value>0x1db3</value>
      </symbol>
      <symbol id="sm-497">
         <name>authenticate</name>
         <value>0x1dac</value>
      </symbol>
      <symbol id="sm-498">
         <name>encrypt</name>
         <value>0x1db4</value>
      </symbol>
      <symbol id="sm-499">
         <name>setNameRequest</name>
         <value>0x1dc4</value>
      </symbol>
      <symbol id="sm-49a">
         <name>setPINRequest</name>
         <value>0x1dc5</value>
      </symbol>
      <symbol id="sm-49b">
         <name>resetDefaultsRequest</name>
         <value>0x1dbb</value>
      </symbol>
      <symbol id="sm-49c">
         <name>setSvcClassRequest</name>
         <value>0x1dc7</value>
      </symbol>
      <symbol id="sm-49d">
         <name>setDevClassRequest</name>
         <value>0x1dc2</value>
      </symbol>
      <symbol id="sm-49e">
         <name>setSvcNameRequest</name>
         <value>0x1dc8</value>
      </symbol>
      <symbol id="sm-49f">
         <name>setRawBaudrate</name>
         <value>0x1dc6</value>
      </symbol>
      <symbol id="sm-4a0">
         <name>setBaudrate</name>
         <value>0x1dbf</value>
      </symbol>
      <symbol id="sm-4a1">
         <name>disableRemoteConfig</name>
         <value>0x1db2</value>
      </symbol>
      <symbol id="sm-4a2">
         <name>newMode</name>
         <value>0x1db8</value>
      </symbol>
      <symbol id="sm-4a3">
         <name>setCustomInquiryTime</name>
         <value>0x1dc0</value>
      </symbol>
      <symbol id="sm-4a4">
         <name>setCustomPagingTime</name>
         <value>0x1dc1</value>
      </symbol>
      <symbol id="sm-4a5">
         <name>newAuthMode</name>
         <value>0x1db7</value>
      </symbol>
      <symbol id="sm-4a6">
         <name>setFriendlyNameRequest</name>
         <value>0x1dc3</value>
      </symbol>
      <symbol id="sm-4a7">
         <name>btConnected</name>
         <value>0x1dad</value>
      </symbol>
      <symbol id="sm-4a8">
         <name>deviceConn</name>
         <value>0x1db1</value>
      </symbol>
      <symbol id="sm-4a9">
         <name>disableRN</name>
         <value>0x1166a</value>
         <object_component_ref idref="oc-33d"/>
      </symbol>
      <symbol id="sm-4aa">
         <name>BT_receiveFunction</name>
         <value>0x11720</value>
         <object_component_ref idref="oc-21c"/>
      </symbol>
      <symbol id="sm-4ab">
         <name>BT_disable</name>
         <value>0x116ec</value>
         <object_component_ref idref="oc-2a9"/>
      </symbol>
      <symbol id="sm-4ac">
         <name>disableUART</name>
         <value>0x116e0</value>
         <object_component_ref idref="oc-382"/>
      </symbol>
      <symbol id="sm-4ad">
         <name>__TI_int46</name>
         <value>0xffdc</value>
         <object_component_ref idref="oc-68"/>
      </symbol>
      <symbol id="sm-4ae">
         <name>setupUART</name>
         <value>0x113cc</value>
         <object_component_ref idref="oc-28b"/>
      </symbol>
      <symbol id="sm-4af">
         <name>USCI_A1_ISR</name>
         <value>0x5d3a</value>
         <object_component_ref idref="oc-9f"/>
      </symbol>
      <symbol id="sm-4b0">
         <name>writeCommand</name>
         <value>0x112c0</value>
         <object_component_ref idref="oc-2fc"/>
      </symbol>
      <symbol id="sm-4b1">
         <name>runSetCommands</name>
         <value>0x10000</value>
         <object_component_ref idref="oc-2a2"/>
      </symbol>
      <symbol id="sm-4b2">
         <name>BT_setPIN</name>
         <value>0x1141a</value>
         <object_component_ref idref="oc-20a"/>
      </symbol>
      <symbol id="sm-4b3">
         <name>BT_configure</name>
         <value>0x1154e</value>
         <object_component_ref idref="oc-210"/>
      </symbol>
      <symbol id="sm-4b4">
         <name>dataAvailableFuncPtr</name>
         <value>0x1dce</value>
         <object_component_ref idref="oc-123"/>
      </symbol>
      <symbol id="sm-4b5">
         <name>BT_setRadioMode</name>
         <value>0x116f6</value>
         <object_component_ref idref="oc-1fd"/>
      </symbol>
      <symbol id="sm-4b6">
         <name>BT_rtsInterrupt</name>
         <value>0x11726</value>
         <object_component_ref idref="oc-13c"/>
      </symbol>
      <symbol id="sm-4b7">
         <name>BT_init</name>
         <value>0x10ea6</value>
         <object_component_ref idref="oc-1f7"/>
      </symbol>
      <symbol id="sm-4b8">
         <name>BT_write</name>
         <value>0x11254</value>
         <object_component_ref idref="oc-36d"/>
      </symbol>
      <symbol id="sm-4b9">
         <name>BT_setFriendlyName</name>
         <value>0x113f4</value>
         <object_component_ref idref="oc-204"/>
      </symbol>
      <symbol id="sm-4ba">
         <name>BT_connectionInterrupt</name>
         <value>0x1171a</value>
         <object_component_ref idref="oc-142"/>
      </symbol>
      <symbol id="sm-4bb">
         <name>sendNextChar</name>
         <value>0x1137a</value>
         <object_component_ref idref="oc-11b"/>
      </symbol>
      <symbol id="sm-4bc">
         <name>initRN</name>
         <value>0x110ae</value>
         <object_component_ref idref="oc-285"/>
      </symbol>
      <symbol id="sm-4f1">
         <name>__TI_int55</name>
         <value>0xffee</value>
         <object_component_ref idref="oc-75"/>
      </symbol>
      <symbol id="sm-4f2">
         <name>ADC12_ISR</name>
         <value>0x5e20</value>
         <object_component_ref idref="oc-d0"/>
      </symbol>
      <symbol id="sm-4f3">
         <name>ADC_startConversion</name>
         <value>0x1170a</value>
         <object_component_ref idref="oc-198"/>
      </symbol>
      <symbol id="sm-4f4">
         <name>ADC_init</name>
         <value>0x10bce</value>
         <object_component_ref idref="oc-228"/>
      </symbol>
      <symbol id="sm-4f5">
         <name>ADC_disable</name>
         <value>0x11530</value>
         <object_component_ref idref="oc-2bc"/>
      </symbol>
      <symbol id="sm-4f6">
         <name>reportConversionDoneFuncPtr</name>
         <value>0x1dd2</value>
         <object_component_ref idref="oc-163"/>
      </symbol>
      <symbol id="sm-523">
         <name>Board_ledOff</name>
         <value>0x112f6</value>
         <object_component_ref idref="oc-10b"/>
      </symbol>
      <symbol id="sm-524">
         <name>Board_init</name>
         <value>0x1082c</value>
         <object_component_ref idref="oc-1d9"/>
      </symbol>
      <symbol id="sm-525">
         <name>Board_ledOn</name>
         <value>0x11322</value>
         <object_component_ref idref="oc-111"/>
      </symbol>
      <symbol id="sm-526">
         <name>Board_ledToggle</name>
         <value>0x1134e</value>
         <object_component_ref idref="oc-2c8"/>
      </symbol>
      <symbol id="sm-53e">
         <name>TIMER1_A0_ISR</name>
         <value>0x5ef6</value>
         <object_component_ref idref="oc-ab"/>
      </symbol>
      <symbol id="sm-53f">
         <name>Button_init</name>
         <value>0x1161a</value>
         <object_component_ref idref="oc-1f1"/>
      </symbol>
      <symbol id="sm-540">
         <name>Button_interruptEnable</name>
         <value>0x1162e</value>
         <object_component_ref idref="oc-14d"/>
      </symbol>
      <symbol id="sm-541">
         <name>__TI_int49</name>
         <value>0xffe2</value>
         <object_component_ref idref="oc-6b"/>
      </symbol>
      <symbol id="sm-577">
         <name>DMA0_enable</name>
         <value>0x116d4</value>
         <object_component_ref idref="oc-192"/>
      </symbol>
      <symbol id="sm-578">
         <name>DMA0_repeatTransfer</name>
         <value>0x115c2</value>
         <object_component_ref idref="oc-2b6"/>
      </symbol>
      <symbol id="sm-579">
         <name>DMA_ISR</name>
         <value>0x5ea0</value>
         <object_component_ref idref="oc-ca"/>
      </symbol>
      <symbol id="sm-57a">
         <name>__TI_int50</name>
         <value>0xffe4</value>
         <object_component_ref idref="oc-72"/>
      </symbol>
      <symbol id="sm-57b">
         <name>DMA0_disable</name>
         <value>0x11712</value>
         <object_component_ref idref="oc-2c2"/>
      </symbol>
      <symbol id="sm-57c">
         <name>DMA0_transferDoneFunction</name>
         <value>0x1172c</value>
         <object_component_ref idref="oc-235"/>
      </symbol>
      <symbol id="sm-57d">
         <name>DMA0_init</name>
         <value>0x11440</value>
         <object_component_ref idref="oc-23e"/>
      </symbol>
      <symbol id="sm-57e">
         <name>reportTransferDoneFuncPtr</name>
         <value>0x1dd6</value>
         <object_component_ref idref="oc-15f"/>
      </symbol>
      <symbol id="sm-5a5">
         <name>tx_packet_length</name>
         <value>0x1dcc</value>
      </symbol>
      <symbol id="sm-5a6">
         <name>tx_packet_data</name>
         <value>0x1da6</value>
      </symbol>
      <symbol id="sm-5a7">
         <name>rx_packet_length</name>
         <value>0x1dbd</value>
      </symbol>
      <symbol id="sm-5a8">
         <name>rx_packet_data</name>
         <value>0x1da2</value>
      </symbol>
      <symbol id="sm-5a9">
         <name>receive_flag</name>
         <value>0x1dba</value>
      </symbol>
      <symbol id="sm-5aa">
         <name>transmit_flag</name>
         <value>0x1dca</value>
      </symbol>
      <symbol id="sm-5ab">
         <name>rx_byte_ctr</name>
         <value>0x1dbc</value>
      </symbol>
      <symbol id="sm-5ac">
         <name>tx_byte_ctr</name>
         <value>0x1dcb</value>
      </symbol>
      <symbol id="sm-5ad">
         <name>I2C_Interrupt_Enable</name>
         <value>0x11738</value>
         <object_component_ref idref="oc-16f"/>
      </symbol>
      <symbol id="sm-5ae">
         <name>USCI_I2C_ISR</name>
         <value>0x5c00</value>
         <object_component_ref idref="oc-d6"/>
      </symbol>
      <symbol id="sm-5af">
         <name>__TI_int56</name>
         <value>0xfff0</value>
         <object_component_ref idref="oc-76"/>
      </symbol>
      <symbol id="sm-5b0">
         <name>I2C_Interrupt_Disable</name>
         <value>0x11732</value>
         <object_component_ref idref="oc-175"/>
      </symbol>
      <symbol id="sm-5c4">
         <name>LFXT_Start</name>
         <value>0x113a4</value>
         <object_component_ref idref="oc-1e5"/>
      </symbol>
      <symbol id="sm-5c5">
         <name>XT2_Start</name>
         <value>0x1158a</value>
         <object_component_ref idref="oc-1eb"/>
      </symbol>
      <symbol id="sm-5eb">
         <name>SetVCore</name>
         <value>0x111d6</value>
         <object_component_ref idref="oc-1df"/>
      </symbol>
      <symbol id="sm-5ec">
         <name>SetVCoreDown</name>
         <value>0x10e0a</value>
         <object_component_ref idref="oc-25e"/>
      </symbol>
      <symbol id="sm-5ed">
         <name>SetVCoreUp</name>
         <value>0x10c98</value>
         <object_component_ref idref="oc-258"/>
      </symbol>
      <symbol id="sm-5fd">
         <name>_c_int00_noexit</name>
         <value>0x5edc</value>
         <object_component_ref idref="oc-6c"/>
      </symbol>
      <symbol id="sm-5fe">
         <name>_c_int00</name>
         <value>0x5edc</value>
         <object_component_ref idref="oc-6c"/>
      </symbol>
      <symbol id="sm-5ff">
         <name>_stack</name>
         <value>0x5b60</value>
         <object_component_ref idref="oc-8f"/>
      </symbol>
      <symbol id="sm-600">
         <name>_reset_vector</name>
         <value>0xfffe</value>
         <object_component_ref idref="oc-92"/>
      </symbol>
      <symbol id="sm-616">
         <name>__TI_decompress_none</name>
         <value>0x11692</value>
         <object_component_ref idref="oc-7d"/>
      </symbol>
      <symbol id="sm-638">
         <name>__TI_decompress_rle24</name>
         <value>0x1173e</value>
         <object_component_ref idref="oc-89"/>
      </symbol>
      <symbol id="sm-64b">
         <name>__TI_zero_init</name>
         <value>0x1148c</value>
         <object_component_ref idref="oc-83"/>
      </symbol>
      <symbol id="sm-656">
         <name>C$$EXIT</name>
         <value>0x11744</value>
         <object_component_ref idref="oc-c3"/>
      </symbol>
      <symbol id="sm-657">
         <name>abort</name>
         <value>0x11744</value>
         <object_component_ref idref="oc-c3"/>
      </symbol>
      <symbol id="sm-667">
         <name>memcmp</name>
         <value>0x11466</value>
         <object_component_ref idref="oc-134"/>
      </symbol>
      <symbol id="sm-675">
         <name>memcpy</name>
         <value>0x1167e</value>
         <object_component_ref idref="oc-e2"/>
      </symbol>
      <symbol id="sm-67e">
         <name>__mspabi_mpyi_f5hw</name>
         <value>0x11604</value>
         <object_component_ref idref="oc-3cf"/>
      </symbol>
      <symbol id="sm-6aa">
         <name>snprintf</name>
         <value>0x10ff2</value>
         <object_component_ref idref="oc-298"/>
      </symbol>
      <symbol id="sm-6c6">
         <name>sprintf</name>
         <value>0x11192</value>
         <object_component_ref idref="oc-306"/>
      </symbol>
      <symbol id="sm-6d3">
         <name>strcpy</name>
         <value>0x116a4</value>
         <object_component_ref idref="oc-366"/>
      </symbol>
      <symbol id="sm-6e0">
         <name>strlen</name>
         <value>0x116c6</value>
         <object_component_ref idref="oc-12a"/>
      </symbol>
      <symbol id="sm-749">
         <name>__TI_printfi_minimal</name>
         <value>0x10afc</value>
         <object_component_ref idref="oc-2ea"/>
      </symbol>
      <symbol id="sm-761">
         <name>_auto_init_hold_wdt</name>
         <value>0x10f22</value>
         <object_component_ref idref="oc-b7"/>
      </symbol>
      <symbol id="sm-76b">
         <name>__mspabi_remu</name>
         <value>0x115ee</value>
         <object_component_ref idref="oc-3d7"/>
      </symbol>
      <symbol id="sm-76c">
         <name>__mspabi_divu</name>
         <value>0x115ee</value>
         <object_component_ref idref="oc-3d7"/>
      </symbol>
      <symbol id="sm-77b">
         <name>memccpy</name>
         <value>0x11510</value>
         <object_component_ref idref="oc-396"/>
      </symbol>
      <symbol id="sm-789">
         <name>memset</name>
         <value>0x115d8</value>
         <object_component_ref idref="oc-389"/>
      </symbol>
      <symbol id="sm-78a">
         <name>__TI_exit</name>
         <value>0x1</value>
      </symbol>
      <symbol id="sm-78b">
         <name>__TI_args_main</name>
         <value>0x1</value>
      </symbol>
      <symbol id="sm-78c">
         <name>__TI_INITARRAY_Base</name>
         <value>0x0</value>
      </symbol>
      <symbol id="sm-78d">
         <name>__TI_INITARRAY_Limit</name>
         <value>0x0</value>
      </symbol>
   </symbol_table>
   <title>Link successful</title>
</link_info>
