<?xml version="1.0"?>
<link_info>
   <banner>MSP430 Linker PC v4.3.3</banner>
   <copyright>Copyright (c) 2003-2014 Texas Instruments Incorporated</copyright>
   <link_time>0x54be276c</link_time>
   <link_errors>0x0</link_errors>
   <output_file>Shimmer3_FallDetection.out</output_file>
   <entry_point>
      <name>_c_int00</name>
      <address>0x5e28</address>
   </entry_point>
   <input_file_list>
      <input_file id="fl-2">
         <path>.\</path>
         <kind>object</kind>
         <file>main.obj</file>
         <name>main.obj</name>
      </input_file>
      <input_file id="fl-3">
         <path>.\</path>
         <kind>object</kind>
         <file>system_pre_init.obj</file>
         <name>system_pre_init.obj</name>
      </input_file>
      <input_file id="fl-4">
         <path>.\LSM303DLHC\</path>
         <kind>object</kind>
         <file>lsm303dlhc.obj</file>
         <name>lsm303dlhc.obj</name>
      </input_file>
      <input_file id="fl-5">
         <path>.\Bluetooth\</path>
         <kind>object</kind>
         <file>RN42.obj</file>
         <name>RN42.obj</name>
      </input_file>
      <input_file id="fl-6">
         <path>.\5xx_HAL\</path>
         <kind>object</kind>
         <file>hal_Board.obj</file>
         <name>hal_Board.obj</name>
      </input_file>
      <input_file id="fl-7">
         <path>.\5xx_HAL\</path>
         <kind>object</kind>
         <file>hal_Button.obj</file>
         <name>hal_Button.obj</name>
      </input_file>
      <input_file id="fl-8">
         <path>.\5xx_HAL\</path>
         <kind>object</kind>
         <file>hal_I2C.obj</file>
         <name>hal_I2C.obj</name>
      </input_file>
      <input_file id="fl-9">
         <path>.\5xx_HAL\</path>
         <kind>object</kind>
         <file>hal_UCS.obj</file>
         <name>hal_UCS.obj</name>
      </input_file>
      <input_file id="fl-a">
         <path>.\5xx_HAL\</path>
         <kind>object</kind>
         <file>hal_pmm.obj</file>
         <name>hal_pmm.obj</name>
      </input_file>
      <input_file id="fl-39">
         <path>c:\ti\ccsv6\tools\compiler\msp430_4.3.3\lib\</path>
         <kind>archive</kind>
         <file>rts430x_lc_rd_eabi.lib</file>
         <name>addd.obj</name>
      </input_file>
      <input_file id="fl-3a">
         <path>c:\ti\ccsv6\tools\compiler\msp430_4.3.3\lib\</path>
         <kind>archive</kind>
         <file>rts430x_lc_rd_eabi.lib</file>
         <name>boot.obj</name>
      </input_file>
      <input_file id="fl-3b">
         <path>c:\ti\ccsv6\tools\compiler\msp430_4.3.3\lib\</path>
         <kind>archive</kind>
         <file>rts430x_lc_rd_eabi.lib</file>
         <name>copy_decompress_none.obj</name>
      </input_file>
      <input_file id="fl-3c">
         <path>c:\ti\ccsv6\tools\compiler\msp430_4.3.3\lib\</path>
         <kind>archive</kind>
         <file>rts430x_lc_rd_eabi.lib</file>
         <name>copy_decompress_rle.obj</name>
      </input_file>
      <input_file id="fl-3d">
         <path>c:\ti\ccsv6\tools\compiler\msp430_4.3.3\lib\</path>
         <kind>archive</kind>
         <file>rts430x_lc_rd_eabi.lib</file>
         <name>copy_zero_init.obj</name>
      </input_file>
      <input_file id="fl-3e">
         <path>c:\ti\ccsv6\tools\compiler\msp430_4.3.3\lib\</path>
         <kind>archive</kind>
         <file>rts430x_lc_rd_eabi.lib</file>
         <name>cvtdf.obj</name>
      </input_file>
      <input_file id="fl-3f">
         <path>c:\ti\ccsv6\tools\compiler\msp430_4.3.3\lib\</path>
         <kind>archive</kind>
         <file>rts430x_lc_rd_eabi.lib</file>
         <name>cvtfd.obj</name>
      </input_file>
      <input_file id="fl-40">
         <path>c:\ti\ccsv6\tools\compiler\msp430_4.3.3\lib\</path>
         <kind>archive</kind>
         <file>rts430x_lc_rd_eabi.lib</file>
         <name>div32u.obj</name>
      </input_file>
      <input_file id="fl-41">
         <path>c:\ti\ccsv6\tools\compiler\msp430_4.3.3\lib\</path>
         <kind>archive</kind>
         <file>rts430x_lc_rd_eabi.lib</file>
         <name>exit.obj</name>
      </input_file>
      <input_file id="fl-42">
         <path>c:\ti\ccsv6\tools\compiler\msp430_4.3.3\lib\</path>
         <kind>archive</kind>
         <file>rts430x_lc_rd_eabi.lib</file>
         <name>fltid.obj</name>
      </input_file>
      <input_file id="fl-43">
         <path>c:\ti\ccsv6\tools\compiler\msp430_4.3.3\lib\</path>
         <kind>archive</kind>
         <file>rts430x_lc_rd_eabi.lib</file>
         <name>fltlid.obj</name>
      </input_file>
      <input_file id="fl-44">
         <path>c:\ti\ccsv6\tools\compiler\msp430_4.3.3\lib\</path>
         <kind>archive</kind>
         <file>rts430x_lc_rd_eabi.lib</file>
         <name>frcaddd.obj</name>
      </input_file>
      <input_file id="fl-45">
         <path>c:\ti\ccsv6\tools\compiler\msp430_4.3.3\lib\</path>
         <kind>archive</kind>
         <file>rts430x_lc_rd_eabi.lib</file>
         <name>fs_add.obj</name>
      </input_file>
      <input_file id="fl-46">
         <path>c:\ti\ccsv6\tools\compiler\msp430_4.3.3\lib\</path>
         <kind>archive</kind>
         <file>rts430x_lc_rd_eabi.lib</file>
         <name>fs_cmp.obj</name>
      </input_file>
      <input_file id="fl-47">
         <path>c:\ti\ccsv6\tools\compiler\msp430_4.3.3\lib\</path>
         <kind>archive</kind>
         <file>rts430x_lc_rd_eabi.lib</file>
         <name>lsl32.obj</name>
      </input_file>
      <input_file id="fl-48">
         <path>c:\ti\ccsv6\tools\compiler\msp430_4.3.3\lib\</path>
         <kind>archive</kind>
         <file>rts430x_lc_rd_eabi.lib</file>
         <name>lsr32.obj</name>
      </input_file>
      <input_file id="fl-49">
         <path>c:\ti\ccsv6\tools\compiler\msp430_4.3.3\lib\</path>
         <kind>archive</kind>
         <file>rts430x_lc_rd_eabi.lib</file>
         <name>memcmp.obj</name>
      </input_file>
      <input_file id="fl-4a">
         <path>c:\ti\ccsv6\tools\compiler\msp430_4.3.3\lib\</path>
         <kind>archive</kind>
         <file>rts430x_lc_rd_eabi.lib</file>
         <name>memcpy.obj</name>
      </input_file>
      <input_file id="fl-4b">
         <path>c:\ti\ccsv6\tools\compiler\msp430_4.3.3\lib\</path>
         <kind>archive</kind>
         <file>rts430x_lc_rd_eabi.lib</file>
         <name>mpu_init.obj</name>
      </input_file>
      <input_file id="fl-4c">
         <path>c:\ti\ccsv6\tools\compiler\msp430_4.3.3\lib\</path>
         <kind>archive</kind>
         <file>rts430x_lc_rd_eabi.lib</file>
         <name>mult16_f5hw.obj</name>
      </input_file>
      <input_file id="fl-4d">
         <path>c:\ti\ccsv6\tools\compiler\msp430_4.3.3\lib\</path>
         <kind>archive</kind>
         <file>rts430x_lc_rd_eabi.lib</file>
         <name>pow.obj</name>
      </input_file>
      <input_file id="fl-4e">
         <path>c:\ti\ccsv6\tools\compiler\msp430_4.3.3\lib\</path>
         <kind>archive</kind>
         <file>rts430x_lc_rd_eabi.lib</file>
         <name>renormd.obj</name>
      </input_file>
      <input_file id="fl-4f">
         <path>c:\ti\ccsv6\tools\compiler\msp430_4.3.3\lib\</path>
         <kind>archive</kind>
         <file>rts430x_lc_rd_eabi.lib</file>
         <name>snprintf.obj</name>
      </input_file>
      <input_file id="fl-50">
         <path>c:\ti\ccsv6\tools\compiler\msp430_4.3.3\lib\</path>
         <kind>archive</kind>
         <file>rts430x_lc_rd_eabi.lib</file>
         <name>sprintf.obj</name>
      </input_file>
      <input_file id="fl-51">
         <path>c:\ti\ccsv6\tools\compiler\msp430_4.3.3\lib\</path>
         <kind>archive</kind>
         <file>rts430x_lc_rd_eabi.lib</file>
         <name>sqrt.obj</name>
      </input_file>
      <input_file id="fl-52">
         <path>c:\ti\ccsv6\tools\compiler\msp430_4.3.3\lib\</path>
         <kind>archive</kind>
         <file>rts430x_lc_rd_eabi.lib</file>
         <name>strcpy.obj</name>
      </input_file>
      <input_file id="fl-53">
         <path>c:\ti\ccsv6\tools\compiler\msp430_4.3.3\lib\</path>
         <kind>archive</kind>
         <file>rts430x_lc_rd_eabi.lib</file>
         <name>strlen.obj</name>
      </input_file>
      <input_file id="fl-54">
         <path>c:\ti\ccsv6\tools\compiler\msp430_4.3.3\lib\</path>
         <kind>archive</kind>
         <file>rts430x_lc_rd_eabi.lib</file>
         <name>subd.obj</name>
      </input_file>
      <input_file id="fl-55">
         <path>c:\ti\ccsv6\tools\compiler\msp430_4.3.3\lib\</path>
         <kind>archive</kind>
         <file>rts430x_lc_rd_eabi.lib</file>
         <name>xdint.obj</name>
      </input_file>
      <input_file id="fl-56">
         <path>c:\ti\ccsv6\tools\compiler\msp430_4.3.3\lib\</path>
         <kind>archive</kind>
         <file>rts430x_lc_rd_eabi.lib</file>
         <name>xdscale.obj</name>
      </input_file>
      <input_file id="fl-57">
         <path>c:\ti\ccsv6\tools\compiler\msp430_4.3.3\lib\</path>
         <kind>archive</kind>
         <file>rts430x_lc_rd_eabi.lib</file>
         <name>xdunscal.obj</name>
      </input_file>
      <input_file id="fl-58">
         <path>c:\ti\ccsv6\tools\compiler\msp430_4.3.3\lib\</path>
         <kind>archive</kind>
         <file>rts430x_lc_rd_eabi.lib</file>
         <name>xexp.obj</name>
      </input_file>
      <input_file id="fl-59">
         <path>c:\ti\ccsv6\tools\compiler\msp430_4.3.3\lib\</path>
         <kind>archive</kind>
         <file>rts430x_lc_rd_eabi.lib</file>
         <name>xferaise.obj</name>
      </input_file>
      <input_file id="fl-5a">
         <path>c:\ti\ccsv6\tools\compiler\msp430_4.3.3\lib\</path>
         <kind>archive</kind>
         <file>rts430x_lc_rd_eabi.lib</file>
         <name>xvalues.obj</name>
      </input_file>
      <input_file id="fl-5b">
         <path>c:\ti\ccsv6\tools\compiler\msp430_4.3.3\lib\</path>
         <kind>archive</kind>
         <file>rts430x_lc_rd_eabi.lib</file>
         <name>_lock.obj</name>
      </input_file>
      <input_file id="fl-5c">
         <path>c:\ti\ccsv6\tools\compiler\msp430_4.3.3\lib\</path>
         <kind>archive</kind>
         <file>rts430x_lc_rd_eabi.lib</file>
         <name>_printfi_min.obj</name>
      </input_file>
      <input_file id="fl-5d">
         <path>c:\ti\ccsv6\tools\compiler\msp430_4.3.3\lib\</path>
         <kind>archive</kind>
         <file>rts430x_lc_rd_eabi.lib</file>
         <name>args_main.obj</name>
      </input_file>
      <input_file id="fl-5e">
         <path>c:\ti\ccsv6\tools\compiler\msp430_4.3.3\lib\</path>
         <kind>archive</kind>
         <file>rts430x_lc_rd_eabi.lib</file>
         <name>asr32.obj</name>
      </input_file>
      <input_file id="fl-5f">
         <path>c:\ti\ccsv6\tools\compiler\msp430_4.3.3\lib\</path>
         <kind>archive</kind>
         <file>rts430x_lc_rd_eabi.lib</file>
         <name>autoinit.obj</name>
      </input_file>
      <input_file id="fl-60">
         <path>c:\ti\ccsv6\tools\compiler\msp430_4.3.3\lib\</path>
         <kind>archive</kind>
         <file>rts430x_lc_rd_eabi.lib</file>
         <name>cmpd.obj</name>
      </input_file>
      <input_file id="fl-61">
         <path>c:\ti\ccsv6\tools\compiler\msp430_4.3.3\lib\</path>
         <kind>archive</kind>
         <file>rts430x_lc_rd_eabi.lib</file>
         <name>div16s.obj</name>
      </input_file>
      <input_file id="fl-62">
         <path>c:\ti\ccsv6\tools\compiler\msp430_4.3.3\lib\</path>
         <kind>archive</kind>
         <file>rts430x_lc_rd_eabi.lib</file>
         <name>div16u.obj</name>
      </input_file>
      <input_file id="fl-63">
         <path>c:\ti\ccsv6\tools\compiler\msp430_4.3.3\lib\</path>
         <kind>archive</kind>
         <file>rts430x_lc_rd_eabi.lib</file>
         <name>divd.obj</name>
      </input_file>
      <input_file id="fl-64">
         <path>c:\ti\ccsv6\tools\compiler\msp430_4.3.3\lib\</path>
         <kind>archive</kind>
         <file>rts430x_lc_rd_eabi.lib</file>
         <name>errno.obj</name>
      </input_file>
      <input_file id="fl-65">
         <path>c:\ti\ccsv6\tools\compiler\msp430_4.3.3\lib\</path>
         <kind>archive</kind>
         <file>rts430x_lc_rd_eabi.lib</file>
         <name>feraiseexcept.obj</name>
      </input_file>
      <input_file id="fl-66">
         <path>c:\ti\ccsv6\tools\compiler\msp430_4.3.3\lib\</path>
         <kind>archive</kind>
         <file>rts430x_lc_rd_eabi.lib</file>
         <name>fixdi.obj</name>
      </input_file>
      <input_file id="fl-67">
         <path>c:\ti\ccsv6\tools\compiler\msp430_4.3.3\lib\</path>
         <kind>archive</kind>
         <file>rts430x_lc_rd_eabi.lib</file>
         <name>fixdli.obj</name>
      </input_file>
      <input_file id="fl-68">
         <path>c:\ti\ccsv6\tools\compiler\msp430_4.3.3\lib\</path>
         <kind>archive</kind>
         <file>rts430x_lc_rd_eabi.lib</file>
         <name>frcdivd.obj</name>
      </input_file>
      <input_file id="fl-69">
         <path>c:\ti\ccsv6\tools\compiler\msp430_4.3.3\lib\</path>
         <kind>archive</kind>
         <file>rts430x_lc_rd_eabi.lib</file>
         <name>log.obj</name>
      </input_file>
      <input_file id="fl-6a">
         <path>c:\ti\ccsv6\tools\compiler\msp430_4.3.3\lib\</path>
         <kind>archive</kind>
         <file>rts430x_lc_rd_eabi.lib</file>
         <name>lsl16.obj</name>
      </input_file>
      <input_file id="fl-6b">
         <path>c:\ti\ccsv6\tools\compiler\msp430_4.3.3\lib\</path>
         <kind>archive</kind>
         <file>rts430x_lc_rd_eabi.lib</file>
         <name>lsr16.obj</name>
      </input_file>
      <input_file id="fl-6c">
         <path>c:\ti\ccsv6\tools\compiler\msp430_4.3.3\lib\</path>
         <kind>archive</kind>
         <file>rts430x_lc_rd_eabi.lib</file>
         <name>memccpy.obj</name>
      </input_file>
      <input_file id="fl-6d">
         <path>c:\ti\ccsv6\tools\compiler\msp430_4.3.3\lib\</path>
         <kind>archive</kind>
         <file>rts430x_lc_rd_eabi.lib</file>
         <name>memset.obj</name>
      </input_file>
      <input_file id="fl-6e">
         <path>c:\ti\ccsv6\tools\compiler\msp430_4.3.3\lib\</path>
         <kind>archive</kind>
         <file>rts430x_lc_rd_eabi.lib</file>
         <name>mpyd.obj</name>
      </input_file>
      <input_file id="fl-6f">
         <path>c:\ti\ccsv6\tools\compiler\msp430_4.3.3\lib\</path>
         <kind>archive</kind>
         <file>rts430x_lc_rd_eabi.lib</file>
         <name>mult32_f5hw.obj</name>
      </input_file>
      <input_file id="fl-70">
         <path>c:\ti\ccsv6\tools\compiler\msp430_4.3.3\lib\</path>
         <kind>archive</kind>
         <file>rts430x_lc_rd_eabi.lib</file>
         <name>negd.obj</name>
      </input_file>
      <input_file id="fl-71">
         <path>c:\ti\ccsv6\tools\compiler\msp430_4.3.3\lib\</path>
         <kind>archive</kind>
         <file>rts430x_lc_rd_eabi.lib</file>
         <name>raise.obj</name>
      </input_file>
      <input_file id="fl-72">
         <path>c:\ti\ccsv6\tools\compiler\msp430_4.3.3\lib\</path>
         <kind>archive</kind>
         <file>rts430x_lc_rd_eabi.lib</file>
         <name>signal.obj</name>
      </input_file>
      <input_file id="fl-73">
         <path>c:\ti\ccsv6\tools\compiler\msp430_4.3.3\lib\</path>
         <kind>archive</kind>
         <file>rts430x_lc_rd_eabi.lib</file>
         <name>xdnorm.obj</name>
      </input_file>
      <input_file id="fl-74">
         <path>c:\ti\ccsv6\tools\compiler\msp430_4.3.3\lib\</path>
         <kind>archive</kind>
         <file>rts430x_lc_rd_eabi.lib</file>
         <name>xlog.obj</name>
      </input_file>
      <input_file id="fl-75">
         <path>c:\ti\ccsv6\tools\compiler\msp430_4.3.3\lib\</path>
         <kind>archive</kind>
         <file>rts430x_lc_rd_eabi.lib</file>
         <name>frcmpyd.obj</name>
      </input_file>
      <input_file id="fl-76">
         <path>c:\ti\ccsv6\tools\compiler\msp430_4.3.3\lib\</path>
         <kind>archive</kind>
         <file>rts430x_lc_rd_eabi.lib</file>
         <name>fs_neg.obj</name>
      </input_file>
      <input_file id="fl-77">
         <path>c:\ti\ccsv6\tools\compiler\msp430_4.3.3\lib\</path>
         <kind>archive</kind>
         <file>rts430x_lc_rd_eabi.lib</file>
         <name>xfvalues.obj</name>
      </input_file>
   </input_file_list>
   <object_component_list>
      <object_component id="oc-8f">
         <name>.stack</name>
         <uninitialized>true</uninitialized>
         <run_address>0x5b60</run_address>
         <size>0x4</size>
         <input_file_ref idref="fl-3a"/>
      </object_component>
      <object_component id="oc-60b">
         <name>.stack</name>
         <uninitialized>true</uninitialized>
         <run_address>0x5b60</run_address>
         <size>0x0</size>
      </object_component>
      <object_component id="oc-2b4">
         <name>.text:runSetCommands</name>
         <load_address>0x10000</load_address>
         <run_address>0x10000</run_address>
         <size>0x82c</size>
         <input_file_ref idref="fl-5"/>
      </object_component>
      <object_component id="oc-230">
         <name>.text:pow</name>
         <load_address>0x1082c</load_address>
         <run_address>0x1082c</run_address>
         <size>0x67c</size>
         <input_file_ref idref="fl-4d"/>
      </object_component>
      <object_component id="oc-44e">
         <name>.text:__TI_frcdivd</name>
         <load_address>0x10ea8</load_address>
         <run_address>0x10ea8</run_address>
         <size>0x452</size>
         <input_file_ref idref="fl-68"/>
      </object_component>
      <object_component id="oc-446">
         <name>.text:_Log</name>
         <load_address>0x112fa</load_address>
         <run_address>0x112fa</run_address>
         <size>0x420</size>
         <input_file_ref idref="fl-74"/>
      </object_component>
      <object_component id="oc-327">
         <name>.text:_Exp</name>
         <load_address>0x1171a</load_address>
         <run_address>0x1171a</run_address>
         <size>0x388</size>
         <input_file_ref idref="fl-58"/>
      </object_component>
      <object_component id="oc-43a">
         <name>.text:__TI_frcmpyd</name>
         <load_address>0x11aa2</load_address>
         <run_address>0x11aa2</run_address>
         <size>0x2e4</size>
         <input_file_ref idref="fl-75"/>
      </object_component>
      <object_component id="oc-237">
         <name>.text:__mspabi_addd</name>
         <load_address>0x11d86</load_address>
         <run_address>0x11d86</run_address>
         <size>0x2d8</size>
         <input_file_ref idref="fl-39"/>
      </object_component>
      <object_component id="oc-309">
         <name>.text:__mspabi_mpyd</name>
         <load_address>0x1205e</load_address>
         <run_address>0x1205e</run_address>
         <size>0x282</size>
         <input_file_ref idref="fl-6e"/>
      </object_component>
      <object_component id="oc-32f">
         <name>.text:__TI_frcaddd</name>
         <load_address>0x122e0</load_address>
         <run_address>0x122e0</run_address>
         <size>0x252</size>
         <input_file_ref idref="fl-44"/>
      </object_component>
      <object_component id="oc-321">
         <name>.text:__mspabi_divd</name>
         <load_address>0x12532</load_address>
         <run_address>0x12532</run_address>
         <size>0x222</size>
         <input_file_ref idref="fl-63"/>
      </object_component>
      <object_component id="oc-24d">
         <name>.text:sqrt</name>
         <load_address>0x12754</load_address>
         <run_address>0x12754</run_address>
         <size>0x1f0</size>
         <input_file_ref idref="fl-51"/>
      </object_component>
      <object_component id="oc-1b7">
         <name>.text:Board_init</name>
         <load_address>0x12944</load_address>
         <run_address>0x12944</run_address>
         <size>0x19e</size>
         <input_file_ref idref="fl-6"/>
      </object_component>
      <object_component id="oc-354">
         <name>.text:_Dscale</name>
         <load_address>0x12ae2</load_address>
         <run_address>0x12ae2</run_address>
         <size>0x19e</size>
         <input_file_ref idref="fl-56"/>
      </object_component>
      <object_component id="oc-497">
         <name>.text:_setfield</name>
         <load_address>0x12c80</load_address>
         <run_address>0x12c80</run_address>
         <size>0x132</size>
         <input_file_ref idref="fl-5c"/>
      </object_component>
      <object_component id="oc-372">
         <name>.text</name>
         <load_address>0x12db2</load_address>
         <run_address>0x12db2</run_address>
         <size>0x130</size>
         <input_file_ref idref="fl-45"/>
      </object_component>
      <object_component id="oc-177">
         <name>.text:AcquireData</name>
         <load_address>0x12ee2</load_address>
         <run_address>0x12ee2</run_address>
         <size>0x112</size>
         <input_file_ref idref="fl-2"/>
      </object_component>
      <object_component id="oc-413">
         <name>.text:_Dnorm</name>
         <load_address>0x12ff4</load_address>
         <run_address>0x12ff4</run_address>
         <size>0x100</size>
         <input_file_ref idref="fl-73"/>
      </object_component>
      <object_component id="oc-2ee">
         <name>.text:__mspabi_cmpd</name>
         <load_address>0x130f4</load_address>
         <run_address>0x130f4</run_address>
         <size>0xd8</size>
         <input_file_ref idref="fl-60"/>
      </object_component>
      <object_component id="oc-390">
         <name>.text:__TI_printfi_minimal</name>
         <load_address>0x131cc</load_address>
         <run_address>0x131cc</run_address>
         <size>0xd2</size>
         <input_file_ref idref="fl-5c"/>
      </object_component>
      <object_component id="oc-2e8">
         <name>.text:_Dint</name>
         <load_address>0x1329e</load_address>
         <run_address>0x1329e</run_address>
         <size>0xcc</size>
         <input_file_ref idref="fl-55"/>
      </object_component>
      <object_component id="oc-269">
         <name>.text:SetVCoreUp</name>
         <load_address>0x1336a</load_address>
         <run_address>0x1336a</run_address>
         <size>0xca</size>
         <input_file_ref idref="fl-a"/>
      </object_component>
      <object_component id="oc-46a">
         <name>.text:__TI_renormd</name>
         <load_address>0x13434</load_address>
         <run_address>0x13434</run_address>
         <size>0xb2</size>
         <input_file_ref idref="fl-4e"/>
      </object_component>
      <object_component id="oc-25b">
         <name>.text:ProcessData</name>
         <load_address>0x134e6</load_address>
         <run_address>0x134e6</run_address>
         <size>0xac</size>
         <input_file_ref idref="fl-2"/>
      </object_component>
      <object_component id="oc-26f">
         <name>.text:SetVCoreDown</name>
         <load_address>0x13592</load_address>
         <run_address>0x13592</run_address>
         <size>0x9c</size>
         <input_file_ref idref="fl-a"/>
      </object_component>
      <object_component id="oc-2da">
         <name>.text:__mspabi_fltlid</name>
         <load_address>0x1362e</load_address>
         <run_address>0x1362e</run_address>
         <size>0x94</size>
         <input_file_ref idref="fl-43"/>
      </object_component>
      <object_component id="oc-23e">
         <name>.text:__mspabi_cvtdf</name>
         <load_address>0x136c2</load_address>
         <run_address>0x136c2</run_address>
         <size>0x8c</size>
         <input_file_ref idref="fl-3e"/>
      </object_component>
      <object_component id="oc-1cf">
         <name>.text:BT_init</name>
         <load_address>0x1374e</load_address>
         <run_address>0x1374e</run_address>
         <size>0x7c</size>
         <input_file_ref idref="fl-5"/>
      </object_component>
      <object_component id="oc-144">
         <name>.text:Init</name>
         <load_address>0x137ca</load_address>
         <run_address>0x137ca</run_address>
         <size>0x76</size>
         <input_file_ref idref="fl-2"/>
      </object_component>
      <object_component id="oc-2e2">
         <name>.text:_Dunscale</name>
         <load_address>0x13840</load_address>
         <run_address>0x13840</run_address>
         <size>0x72</size>
         <input_file_ref idref="fl-57"/>
      </object_component>
      <object_component id="oc-206">
         <name>.text:LSM303DLHC_accelInit</name>
         <load_address>0x138b2</load_address>
         <run_address>0x138b2</run_address>
         <size>0x6e</size>
         <input_file_ref idref="fl-4"/>
      </object_component>
      <object_component id="oc-b1">
         <name>.text:_auto_init_hold_wdt</name>
         <load_address>0x13920</load_address>
         <run_address>0x13920</run_address>
         <size>0x6e</size>
         <input_file_ref idref="fl-5f"/>
      </object_component>
      <object_component id="oc-303">
         <name>.text:__mspabi_fixdli</name>
         <load_address>0x1398e</load_address>
         <run_address>0x1398e</run_address>
         <size>0x66</size>
         <input_file_ref idref="fl-67"/>
      </object_component>
      <object_component id="oc-247">
         <name>.text:__mspabi_cvtfd</name>
         <load_address>0x139f4</load_address>
         <run_address>0x139f4</run_address>
         <size>0x64</size>
         <input_file_ref idref="fl-3f"/>
      </object_component>
      <object_component id="oc-e4">
         <name>.text:__TI_decompress_rle_core</name>
         <load_address>0x13a58</load_address>
         <run_address>0x13a58</run_address>
         <size>0x62</size>
         <input_file_ref idref="fl-3c"/>
      </object_component>
      <object_component id="oc-2aa">
         <name>.text:snprintf</name>
         <load_address>0x13aba</load_address>
         <run_address>0x13aba</run_address>
         <size>0x62</size>
         <input_file_ref idref="fl-4f"/>
      </object_component>
      <object_component id="oc-567">
         <name>.text:_ltostr</name>
         <load_address>0x13b1c</load_address>
         <run_address>0x13b1c</run_address>
         <size>0x5a</size>
         <input_file_ref idref="fl-5c"/>
      </object_component>
      <object_component id="oc-3e9">
         <name>.text</name>
         <load_address>0x13b76</load_address>
         <run_address>0x13b76</run_address>
         <size>0x58</size>
         <input_file_ref idref="fl-40"/>
      </object_component>
      <object_component id="oc-2bd">
         <name>.text:I2C_Master_Init</name>
         <load_address>0x13bce</load_address>
         <run_address>0x13bce</run_address>
         <size>0x56</size>
         <input_file_ref idref="fl-8"/>
      </object_component>
      <object_component id="oc-295">
         <name>.text:initRN</name>
         <load_address>0x13c24</load_address>
         <run_address>0x13c24</run_address>
         <size>0x50</size>
         <input_file_ref idref="fl-5"/>
      </object_component>
      <object_component id="oc-523">
         <name>.text:_pproc_diouxp</name>
         <load_address>0x13c74</load_address>
         <run_address>0x13c74</run_address>
         <size>0x4c</size>
         <input_file_ref idref="fl-5c"/>
      </object_component>
      <object_component id="oc-362">
         <name>.text</name>
         <load_address>0x13cc0</load_address>
         <run_address>0x13cc0</run_address>
         <size>0x4a</size>
         <input_file_ref idref="fl-46"/>
      </object_component>
      <object_component id="oc-49d">
         <name>.text:_pproc_str</name>
         <load_address>0x13d0a</load_address>
         <run_address>0x13d0a</run_address>
         <size>0x48</size>
         <input_file_ref idref="fl-5c"/>
      </object_component>
      <object_component id="oc-2d3">
         <name>.text:I2C_Read_Packet_From_Sensor</name>
         <load_address>0x13d52</load_address>
         <run_address>0x13d52</run_address>
         <size>0x44</size>
         <input_file_ref idref="fl-8"/>
      </object_component>
      <object_component id="oc-2ca">
         <name>.text:I2C_Write_Packet_To_Sensor</name>
         <load_address>0x13d96</load_address>
         <run_address>0x13d96</run_address>
         <size>0x44</size>
         <input_file_ref idref="fl-8"/>
      </object_component>
      <object_component id="oc-3ac">
         <name>.text:sprintf</name>
         <load_address>0x13dda</load_address>
         <run_address>0x13dda</run_address>
         <size>0x44</size>
         <input_file_ref idref="fl-50"/>
      </object_component>
      <object_component id="oc-1bd">
         <name>.text:SetVCore</name>
         <load_address>0x13e1e</load_address>
         <run_address>0x13e1e</run_address>
         <size>0x40</size>
         <input_file_ref idref="fl-a"/>
      </object_component>
      <object_component id="oc-561">
         <name>.text:_getarg_diouxp</name>
         <load_address>0x13e5e</load_address>
         <run_address>0x13e5e</run_address>
         <size>0x3e</size>
         <input_file_ref idref="fl-5c"/>
      </object_component>
      <object_component id="oc-348">
         <name>.text:l_asr_const</name>
         <load_address>0x13e9c</load_address>
         <run_address>0x13e9c</run_address>
         <size>0x3e</size>
         <input_file_ref idref="fl-5e"/>
      </object_component>
      <object_component id="oc-33c">
         <name>.text:l_lsl_const</name>
         <load_address>0x13eda</load_address>
         <run_address>0x13eda</run_address>
         <size>0x3e</size>
         <input_file_ref idref="fl-47"/>
      </object_component>
      <object_component id="oc-3ee">
         <name>.text:l_lsr_const</name>
         <load_address>0x13f18</load_address>
         <run_address>0x13f18</run_address>
         <size>0x3e</size>
         <input_file_ref idref="fl-48"/>
      </object_component>
      <object_component id="oc-200">
         <name>.text:LSM303DLHC_init</name>
         <load_address>0x13f56</load_address>
         <run_address>0x13f56</run_address>
         <size>0x3a</size>
         <input_file_ref idref="fl-4"/>
      </object_component>
      <object_component id="oc-548">
         <name>.text:signal</name>
         <load_address>0x13f90</load_address>
         <run_address>0x13f90</run_address>
         <size>0x38</size>
         <input_file_ref idref="fl-72"/>
      </object_component>
      <object_component id="oc-378">
         <name>.text:BT_write</name>
         <load_address>0x13fc8</load_address>
         <run_address>0x13fc8</run_address>
         <size>0x36</size>
         <input_file_ref idref="fl-5"/>
      </object_component>
      <object_component id="oc-2f4">
         <name>.text:_Feraise</name>
         <load_address>0x13ffe</load_address>
         <run_address>0x13ffe</run_address>
         <size>0x36</size>
         <input_file_ref idref="fl-59"/>
      </object_component>
      <object_component id="oc-384">
         <name>.text:_outs</name>
         <load_address>0x14034</load_address>
         <run_address>0x14034</run_address>
         <size>0x36</size>
         <input_file_ref idref="fl-4f"/>
      </object_component>
      <object_component id="oc-3a2">
         <name>.text:writeCommand</name>
         <load_address>0x1406a</load_address>
         <run_address>0x1406a</run_address>
         <size>0x36</size>
         <input_file_ref idref="fl-5"/>
      </object_component>
      <object_component id="oc-421">
         <name>.text:feraiseexcept</name>
         <load_address>0x140a0</load_address>
         <run_address>0x140a0</run_address>
         <size>0x34</size>
         <input_file_ref idref="fl-65"/>
      </object_component>
      <object_component id="oc-30f">
         <name>.text:__mspabi_subd</name>
         <load_address>0x140d4</load_address>
         <run_address>0x140d4</run_address>
         <size>0x32</size>
         <input_file_ref idref="fl-54"/>
      </object_component>
      <object_component id="oc-4da">
         <name>.text:raise</name>
         <load_address>0x14106</load_address>
         <run_address>0x14106</run_address>
         <size>0x32</size>
         <input_file_ref idref="fl-71"/>
      </object_component>
      <object_component id="oc-2fd">
         <name>.text:__mspabi_negd</name>
         <load_address>0x14138</load_address>
         <run_address>0x14138</run_address>
         <size>0x2e</size>
         <input_file_ref idref="fl-70"/>
      </object_component>
      <object_component id="oc-12c">
         <name>.text:Board_ledOff</name>
         <load_address>0x14166</load_address>
         <run_address>0x14166</run_address>
         <size>0x2c</size>
         <input_file_ref idref="fl-6"/>
      </object_component>
      <object_component id="oc-133">
         <name>.text:Board_ledOn</name>
         <load_address>0x14192</load_address>
         <run_address>0x14192</run_address>
         <size>0x2c</size>
         <input_file_ref idref="fl-6"/>
      </object_component>
      <object_component id="oc-34f">
         <name>.text</name>
         <load_address>0x141be</load_address>
         <run_address>0x141be</run_address>
         <size>0x2c</size>
         <input_file_ref idref="fl-61"/>
      </object_component>
      <object_component id="oc-fc">
         <name>.text:sendNextChar</name>
         <load_address>0x141ea</load_address>
         <run_address>0x141ea</run_address>
         <size>0x2a</size>
         <input_file_ref idref="fl-5"/>
      </object_component>
      <object_component id="oc-315">
         <name>.text:__mspabi_fixdi</name>
         <load_address>0x14214</load_address>
         <run_address>0x14214</run_address>
         <size>0x28</size>
         <input_file_ref idref="fl-66"/>
      </object_component>
      <object_component id="oc-29b">
         <name>.text:setupUART</name>
         <load_address>0x1423c</load_address>
         <run_address>0x1423c</run_address>
         <size>0x28</size>
         <input_file_ref idref="fl-5"/>
      </object_component>
      <object_component id="oc-1e2">
         <name>.text:BT_setFriendlyName</name>
         <load_address>0x14264</load_address>
         <run_address>0x14264</run_address>
         <size>0x26</size>
         <input_file_ref idref="fl-5"/>
      </object_component>
      <object_component id="oc-1e8">
         <name>.text:BT_setPIN</name>
         <load_address>0x1428a</load_address>
         <run_address>0x1428a</run_address>
         <size>0x26</size>
         <input_file_ref idref="fl-5"/>
      </object_component>
      <object_component id="oc-115">
         <name>.text:memcmp</name>
         <load_address>0x142b0</load_address>
         <run_address>0x142b0</run_address>
         <size>0x26</size>
         <input_file_ref idref="fl-49"/>
      </object_component>
      <object_component id="oc-83">
         <name>.text:decompress:ZI:__TI_zero_init</name>
         <load_address>0x142d6</load_address>
         <run_address>0x142d6</run_address>
         <size>0x24</size>
         <input_file_ref idref="fl-3d"/>
      </object_component>
      <object_component id="oc-4e6">
         <name>.text</name>
         <load_address>0x142fa</load_address>
         <run_address>0x142fa</run_address>
         <size>0x22</size>
         <input_file_ref idref="fl-6f"/>
      </object_component>
      <object_component id="oc-219">
         <name>.text:LSM303DLHC_getAccel</name>
         <load_address>0x1431c</load_address>
         <run_address>0x1431c</run_address>
         <size>0x20</size>
         <input_file_ref idref="fl-4"/>
      </object_component>
      <object_component id="oc-38a">
         <name>.text:_outc</name>
         <load_address>0x1433c</load_address>
         <run_address>0x1433c</run_address>
         <size>0x20</size>
         <input_file_ref idref="fl-4f"/>
      </object_component>
      <object_component id="oc-4bb">
         <name>.text:_outs</name>
         <load_address>0x1435c</load_address>
         <run_address>0x1435c</run_address>
         <size>0x20</size>
         <input_file_ref idref="fl-50"/>
      </object_component>
      <object_component id="oc-529">
         <name>.text:memccpy</name>
         <load_address>0x1437c</load_address>
         <run_address>0x1437c</run_address>
         <size>0x20</size>
         <input_file_ref idref="fl-6c"/>
      </object_component>
      <object_component id="oc-1ee">
         <name>.text:BT_configure</name>
         <load_address>0x1439c</load_address>
         <run_address>0x1439c</run_address>
         <size>0x1e</size>
         <input_file_ref idref="fl-5"/>
      </object_component>
      <object_component id="oc-1c3">
         <name>.text:XT2_Start</name>
         <load_address>0x143ba</load_address>
         <run_address>0x143ba</run_address>
         <size>0x1e</size>
         <input_file_ref idref="fl-9"/>
      </object_component>
      <object_component id="oc-586">
         <name>.text:_div</name>
         <load_address>0x143d8</load_address>
         <run_address>0x143d8</run_address>
         <size>0x1a</size>
         <input_file_ref idref="fl-5c"/>
      </object_component>
      <object_component id="oc-51c">
         <name>.text:memset</name>
         <load_address>0x143f2</load_address>
         <run_address>0x143f2</run_address>
         <size>0x16</size>
         <input_file_ref idref="fl-6d"/>
      </object_component>
      <object_component id="oc-47a">
         <name>.text</name>
         <load_address>0x14408</load_address>
         <run_address>0x14408</run_address>
         <size>0x16</size>
         <input_file_ref idref="fl-62"/>
      </object_component>
      <object_component id="oc-502">
         <name>.text</name>
         <load_address>0x1441e</load_address>
         <run_address>0x1441e</run_address>
         <size>0x16</size>
         <input_file_ref idref="fl-4c"/>
      </object_component>
      <object_component id="oc-1c9">
         <name>.text:Button_init</name>
         <load_address>0x14434</load_address>
         <run_address>0x14434</run_address>
         <size>0x14</size>
         <input_file_ref idref="fl-7"/>
      </object_component>
      <object_component id="oc-13a">
         <name>.text:Button_interruptEnable</name>
         <load_address>0x14448</load_address>
         <run_address>0x14448</run_address>
         <size>0x14</size>
         <input_file_ref idref="fl-7"/>
      </object_component>
      <object_component id="oc-20c">
         <name>.text:StartSensing</name>
         <load_address>0x1445c</load_address>
         <run_address>0x1445c</run_address>
         <size>0x14</size>
         <input_file_ref idref="fl-2"/>
      </object_component>
      <object_component id="oc-4c1">
         <name>.text:_outc</name>
         <load_address>0x14470</load_address>
         <run_address>0x14470</run_address>
         <size>0x14</size>
         <input_file_ref idref="fl-50"/>
      </object_component>
      <object_component id="oc-d0">
         <name>.text:memcpy</name>
         <load_address>0x14484</load_address>
         <run_address>0x14484</run_address>
         <size>0x14</size>
         <input_file_ref idref="fl-4a"/>
      </object_component>
      <object_component id="oc-7d">
         <name>.text:decompress:none:__TI_decompress_none</name>
         <load_address>0x14498</load_address>
         <run_address>0x14498</run_address>
         <size>0x12</size>
         <input_file_ref idref="fl-3b"/>
      </object_component>
      <object_component id="oc-4b3">
         <name>.text:strcpy</name>
         <load_address>0x144aa</load_address>
         <run_address>0x144aa</run_address>
         <size>0x12</size>
         <input_file_ref idref="fl-52"/>
      </object_component>
      <object_component id="oc-465">
         <name>.text:l_asr</name>
         <load_address>0x144bc</load_address>
         <run_address>0x144bc</run_address>
         <size>0x10</size>
         <input_file_ref idref="fl-5e"/>
      </object_component>
      <object_component id="oc-460">
         <name>.text:l_lsl</name>
         <load_address>0x144cc</load_address>
         <run_address>0x144cc</run_address>
         <size>0x10</size>
         <input_file_ref idref="fl-47"/>
      </object_component>
      <object_component id="oc-433">
         <name>.text:l_lsr</name>
         <load_address>0x144dc</load_address>
         <run_address>0x144dc</run_address>
         <size>0x10</size>
         <input_file_ref idref="fl-48"/>
      </object_component>
      <object_component id="oc-31b">
         <name>.text:log</name>
         <load_address>0x144ec</load_address>
         <run_address>0x144ec</run_address>
         <size>0xe</size>
         <input_file_ref idref="fl-69"/>
      </object_component>
      <object_component id="oc-10b">
         <name>.text:strlen</name>
         <load_address>0x144fa</load_address>
         <run_address>0x144fa</run_address>
         <size>0xe</size>
         <input_file_ref idref="fl-53"/>
      </object_component>
      <object_component id="oc-22a">
         <name>.text:__mspabi_fltid</name>
         <load_address>0x14508</load_address>
         <run_address>0x14508</run_address>
         <size>0xc</size>
         <input_file_ref idref="fl-42"/>
      </object_component>
      <object_component id="oc-b7">
         <name>.text:main</name>
         <load_address>0x14514</load_address>
         <run_address>0x14514</run_address>
         <size>0xc</size>
         <input_file_ref idref="fl-2"/>
      </object_component>
      <object_component id="oc-1db">
         <name>.text:BT_setRadioMode</name>
         <load_address>0x14520</load_address>
         <run_address>0x14520</run_address>
         <size>0xa</size>
         <input_file_ref idref="fl-5"/>
      </object_component>
      <object_component id="oc-ab">
         <name>.text:_system_pre_init</name>
         <load_address>0x1452a</load_address>
         <run_address>0x1452a</run_address>
         <size>0xa</size>
         <input_file_ref idref="fl-3"/>
      </object_component>
      <object_component id="oc-4f6">
         <name>.text</name>
         <load_address>0x14534</load_address>
         <run_address>0x14534</run_address>
         <size>0xa</size>
         <input_file_ref idref="fl-76"/>
      </object_component>
      <object_component id="oc-485">
         <name>.text</name>
         <load_address>0x1453e</load_address>
         <run_address>0x1453e</run_address>
         <size>0xa</size>
         <input_file_ref idref="fl-6a"/>
      </object_component>
      <object_component id="oc-480">
         <name>.text</name>
         <load_address>0x14548</load_address>
         <run_address>0x14548</run_address>
         <size>0xa</size>
         <input_file_ref idref="fl-6b"/>
      </object_component>
      <object_component id="oc-2c4">
         <name>.text:I2C_Set_Slave_Address</name>
         <load_address>0x14552</load_address>
         <run_address>0x14552</run_address>
         <size>0x8</size>
         <input_file_ref idref="fl-8"/>
      </object_component>
      <object_component id="oc-123">
         <name>.text:BT_connectionInterrupt</name>
         <load_address>0x1455a</load_address>
         <run_address>0x1455a</run_address>
         <size>0x6</size>
         <input_file_ref idref="fl-5"/>
      </object_component>
      <object_component id="oc-1d5">
         <name>.text:BT_disableRemoteConfig</name>
         <load_address>0x14560</load_address>
         <run_address>0x14560</run_address>
         <size>0x6</size>
         <input_file_ref idref="fl-5"/>
      </object_component>
      <object_component id="oc-1fa">
         <name>.text:BT_receiveFunction</name>
         <load_address>0x14566</load_address>
         <run_address>0x14566</run_address>
         <size>0x6</size>
         <input_file_ref idref="fl-5"/>
      </object_component>
      <object_component id="oc-11d">
         <name>.text:BT_rtsInterrupt</name>
         <load_address>0x1456c</load_address>
         <run_address>0x1456c</run_address>
         <size>0x6</size>
         <input_file_ref idref="fl-5"/>
      </object_component>
      <object_component id="oc-3e3">
         <name>.text:I2C_Disable</name>
         <load_address>0x14572</load_address>
         <run_address>0x14572</run_address>
         <size>0x6</size>
         <input_file_ref idref="fl-8"/>
      </object_component>
      <object_component id="oc-3f3">
         <name>.text:I2C_Enable</name>
         <load_address>0x14578</load_address>
         <run_address>0x14578</run_address>
         <size>0x6</size>
         <input_file_ref idref="fl-8"/>
      </object_component>
      <object_component id="oc-15a">
         <name>.text:I2C_Interrupt_Disable</name>
         <load_address>0x1457e</load_address>
         <run_address>0x1457e</run_address>
         <size>0x6</size>
         <input_file_ref idref="fl-8"/>
      </object_component>
      <object_component id="oc-154">
         <name>.text:I2C_Interrupt_Enable</name>
         <load_address>0x14584</load_address>
         <run_address>0x14584</run_address>
         <size>0x6</size>
         <input_file_ref idref="fl-8"/>
      </object_component>
      <object_component id="oc-89">
         <name>.text:decompress:rle24:__TI_decompress_rle24</name>
         <load_address>0x1458a</load_address>
         <run_address>0x1458a</run_address>
         <size>0x6</size>
         <input_file_ref idref="fl-3c"/>
      </object_component>
      <object_component id="oc-1f4">
         <name>.text:BtDataAvailable</name>
         <load_address>0x14590</load_address>
         <run_address>0x14590</run_address>
         <size>0x4</size>
         <input_file_ref idref="fl-2"/>
      </object_component>
      <object_component id="oc-bd">
         <name>.text:abort</name>
         <load_address>0x14594</load_address>
         <run_address>0x14594</run_address>
         <size>0x4</size>
         <input_file_ref idref="fl-41"/>
      </object_component>
      <object_component id="oc-58f">
         <name>.text:_nop</name>
         <load_address>0x14598</load_address>
         <run_address>0x14598</run_address>
         <size>0x2</size>
         <input_file_ref idref="fl-5b"/>
      </object_component>
      <object_component id="oc-c4">
         <name>.text:_isr:USCI_I2C_ISR</name>
         <load_address>0x5c00</load_address>
         <run_address>0x5c00</run_address>
         <size>0x13a</size>
         <input_file_ref idref="fl-8"/>
      </object_component>
      <object_component id="oc-99">
         <name>.text:_isr:USCI_A1_ISR</name>
         <load_address>0x5d3a</load_address>
         <run_address>0x5d3a</run_address>
         <size>0x88</size>
         <input_file_ref idref="fl-5"/>
      </object_component>
      <object_component id="oc-9f">
         <name>.text:_isr:Port1_ISR</name>
         <load_address>0x5dc2</load_address>
         <run_address>0x5dc2</run_address>
         <size>0x66</size>
         <input_file_ref idref="fl-2"/>
      </object_component>
      <object_component id="oc-6c">
         <name>.text:_isr:_c_int00_noexit</name>
         <load_address>0x5e28</load_address>
         <run_address>0x5e28</run_address>
         <size>0x1a</size>
         <input_file_ref idref="fl-3a"/>
      </object_component>
      <object_component id="oc-ca">
         <name>.text:_isr:TIMER0_B1_ISR</name>
         <load_address>0x5e42</load_address>
         <run_address>0x5e42</run_address>
         <size>0x16</size>
         <input_file_ref idref="fl-2"/>
      </object_component>
      <object_component id="oc-a5">
         <name>.text:_isr:TIMER1_A0_ISR</name>
         <load_address>0x5e58</load_address>
         <run_address>0x5e58</run_address>
         <size>0xe</size>
         <input_file_ref idref="fl-7"/>
      </object_component>
      <object_component id="oc-93">
         <name>.text:_isr:TrapIsr</name>
         <load_address>0x5e66</load_address>
         <run_address>0x5e66</run_address>
         <size>0x2</size>
         <input_file_ref idref="fl-2"/>
      </object_component>
      <object_component id="oc-60a">
         <name>.cinit..data.load</name>
         <load_address>0x5fd8</load_address>
         <run_address>0x5fd8</run_address>
         <size>0x62</size>
      </object_component>
      <object_component id="oc-607">
         <name>__TI_handler_table</name>
         <load_address>0x603a</load_address>
         <run_address>0x603a</run_address>
         <size>0xc</size>
      </object_component>
      <object_component id="oc-609">
         <name>.cinit..bss.load</name>
         <load_address>0x6046</load_address>
         <run_address>0x6046</run_address>
         <size>0x6</size>
      </object_component>
      <object_component id="oc-608">
         <name>__TI_cinit_table</name>
         <load_address>0x604c</load_address>
         <run_address>0x604c</run_address>
         <size>0x10</size>
      </object_component>
      <object_component id="oc-2a8">
         <name>.const:.string</name>
         <load_address>0x5e68</load_address>
         <run_address>0x5e68</run_address>
         <size>0xc2</size>
         <input_file_ref idref="fl-5"/>
      </object_component>
      <object_component id="oc-4fb">
         <name>.const:p</name>
         <load_address>0x5f2a</load_address>
         <run_address>0x5f2a</run_address>
         <size>0x38</size>
         <input_file_ref idref="fl-74"/>
      </object_component>
      <object_component id="oc-41b">
         <name>.const:mask$1</name>
         <load_address>0x5f62</load_address>
         <run_address>0x5f62</run_address>
         <size>0x20</size>
         <input_file_ref idref="fl-55"/>
      </object_component>
      <object_component id="oc-456">
         <name>.const:s</name>
         <load_address>0x5f82</load_address>
         <run_address>0x5f82</run_address>
         <size>0x18</size>
         <input_file_ref idref="fl-58"/>
      </object_component>
      <object_component id="oc-522">
         <name>.const:.string</name>
         <load_address>0x5f9a</load_address>
         <run_address>0x5f9a</run_address>
         <size>0x14</size>
         <input_file_ref idref="fl-5c"/>
      </object_component>
      <object_component id="oc-1e1">
         <name>.const:.string</name>
         <load_address>0x5fae</load_address>
         <run_address>0x5fae</run_address>
         <size>0x12</size>
         <input_file_ref idref="fl-2"/>
      </object_component>
      <object_component id="oc-459">
         <name>.const:c</name>
         <load_address>0x5fc0</load_address>
         <run_address>0x5fc0</run_address>
         <size>0x10</size>
         <input_file_ref idref="fl-58"/>
      </object_component>
      <object_component id="oc-41c">
         <name>.const:sub$2</name>
         <load_address>0x5fd0</load_address>
         <run_address>0x5fd0</run_address>
         <size>0x8</size>
         <input_file_ref idref="fl-55"/>
      </object_component>
      <object_component id="oc-65">
         <name>.int41</name>
         <load_address>0xffd2</load_address>
         <run_address>0xffd2</run_address>
         <size>0x2</size>
         <input_file_ref idref="fl-2"/>
      </object_component>
      <object_component id="oc-66">
         <name>.int42</name>
         <load_address>0xffd4</load_address>
         <run_address>0xffd4</run_address>
         <size>0x2</size>
         <input_file_ref idref="fl-2"/>
      </object_component>
      <object_component id="oc-67">
         <name>.int45</name>
         <load_address>0xffda</load_address>
         <run_address>0xffda</run_address>
         <size>0x2</size>
         <input_file_ref idref="fl-2"/>
      </object_component>
      <object_component id="oc-68">
         <name>.int46</name>
         <load_address>0xffdc</load_address>
         <run_address>0xffdc</run_address>
         <size>0x2</size>
         <input_file_ref idref="fl-5"/>
      </object_component>
      <object_component id="oc-69">
         <name>.int47</name>
         <load_address>0xffde</load_address>
         <run_address>0xffde</run_address>
         <size>0x2</size>
         <input_file_ref idref="fl-2"/>
      </object_component>
      <object_component id="oc-6a">
         <name>.int48</name>
         <load_address>0xffe0</load_address>
         <run_address>0xffe0</run_address>
         <size>0x2</size>
         <input_file_ref idref="fl-2"/>
      </object_component>
      <object_component id="oc-6b">
         <name>.int49</name>
         <load_address>0xffe2</load_address>
         <run_address>0xffe2</run_address>
         <size>0x2</size>
         <input_file_ref idref="fl-7"/>
      </object_component>
      <object_component id="oc-72">
         <name>.int50</name>
         <load_address>0xffe4</load_address>
         <run_address>0xffe4</run_address>
         <size>0x2</size>
         <input_file_ref idref="fl-2"/>
      </object_component>
      <object_component id="oc-73">
         <name>.int53</name>
         <load_address>0xffea</load_address>
         <run_address>0xffea</run_address>
         <size>0x2</size>
         <input_file_ref idref="fl-2"/>
      </object_component>
      <object_component id="oc-74">
         <name>.int54</name>
         <load_address>0xffec</load_address>
         <run_address>0xffec</run_address>
         <size>0x2</size>
         <input_file_ref idref="fl-2"/>
      </object_component>
      <object_component id="oc-75">
         <name>.int55</name>
         <load_address>0xffee</load_address>
         <run_address>0xffee</run_address>
         <size>0x2</size>
         <input_file_ref idref="fl-2"/>
      </object_component>
      <object_component id="oc-76">
         <name>.int56</name>
         <load_address>0xfff0</load_address>
         <run_address>0xfff0</run_address>
         <size>0x2</size>
         <input_file_ref idref="fl-8"/>
      </object_component>
      <object_component id="oc-77">
         <name>.int57</name>
         <load_address>0xfff2</load_address>
         <run_address>0xfff2</run_address>
         <size>0x2</size>
         <input_file_ref idref="fl-2"/>
      </object_component>
      <object_component id="oc-78">
         <name>.int58</name>
         <load_address>0xfff4</load_address>
         <run_address>0xfff4</run_address>
         <size>0x2</size>
         <input_file_ref idref="fl-2"/>
      </object_component>
      <object_component id="oc-79">
         <name>.int59</name>
         <load_address>0xfff6</load_address>
         <run_address>0xfff6</run_address>
         <size>0x2</size>
         <input_file_ref idref="fl-2"/>
      </object_component>
      <object_component id="oc-7a">
         <name>.int60</name>
         <load_address>0xfff8</load_address>
         <run_address>0xfff8</run_address>
         <size>0x2</size>
         <input_file_ref idref="fl-2"/>
      </object_component>
      <object_component id="oc-7b">
         <name>.int61</name>
         <load_address>0xfffa</load_address>
         <run_address>0xfffa</run_address>
         <size>0x2</size>
         <input_file_ref idref="fl-2"/>
      </object_component>
      <object_component id="oc-7c">
         <name>.int62</name>
         <load_address>0xfffc</load_address>
         <run_address>0xfffc</run_address>
         <size>0x2</size>
         <input_file_ref idref="fl-2"/>
      </object_component>
      <object_component id="oc-92">
         <name>.reset</name>
         <load_address>0xfffe</load_address>
         <run_address>0xfffe</run_address>
         <size>0x2</size>
         <input_file_ref idref="fl-3a"/>
      </object_component>
      <object_component id="oc-224">
         <name>.common:accel_8bit</name>
         <uninitialized>true</uninitialized>
         <run_address>0x1e34</run_address>
         <size>0x6</size>
      </object_component>
      <object_component id="oc-23d">
         <name>.common:accel_16bit</name>
         <uninitialized>true</uninitialized>
         <run_address>0x1e2e</run_address>
         <size>0x6</size>
      </object_component>
      <object_component id="oc-36f">
         <name>.common:sampleBuff</name>
         <uninitialized>true</uninitialized>
         <run_address>0x1d00</run_address>
         <size>0xc8</size>
      </object_component>
      <object_component id="oc-258">
         <name>.common:accel_normalized</name>
         <uninitialized>true</uninitialized>
         <run_address>0x1e6a</run_address>
         <size>0x4</size>
      </object_component>
      <object_component id="oc-377">
         <name>.common:btIsConnected</name>
         <uninitialized>true</uninitialized>
         <run_address>0x1e78</run_address>
         <size>0x1</size>
      </object_component>
      <object_component id="oc-37e">
         <name>.common:sampleCounter</name>
         <uninitialized>true</uninitialized>
         <run_address>0x1e89</run_address>
         <size>0x1</size>
      </object_component>
      <object_component id="oc-371">
         <name>.common:i</name>
         <uninitialized>true</uninitialized>
         <run_address>0x1e7f</run_address>
         <size>0x1</size>
      </object_component>
      <object_component id="oc-4b1">
         <name>.common:messageInProgress</name>
         <uninitialized>true</uninitialized>
         <run_address>0x1e80</run_address>
         <size>0x1</size>
      </object_component>
      <object_component id="oc-493">
         <name>.common:transmissionOverflow</name>
         <uninitialized>true</uninitialized>
         <run_address>0x1e94</run_address>
         <size>0x1</size>
      </object_component>
      <object_component id="oc-492">
         <name>.common:messageLength</name>
         <uninitialized>true</uninitialized>
         <run_address>0x1e81</run_address>
         <size>0x1</size>
      </object_component>
      <object_component id="oc-491">
         <name>.common:messageBuffer</name>
         <uninitialized>true</uninitialized>
         <run_address>0x1c00</run_address>
         <size>0x100</size>
      </object_component>
      <object_component id="oc-113">
         <name>.common:receiveBuffer</name>
         <uninitialized>true</uninitialized>
         <run_address>0x1e64</run_address>
         <size>0x6</size>
      </object_component>
      <object_component id="oc-4b2">
         <name>.common:expectedCommandResponse</name>
         <uninitialized>true</uninitialized>
         <run_address>0x1e3a</run_address>
         <size>0x6</size>
      </object_component>
      <object_component id="oc-3ba">
         <name>.common:newName</name>
         <uninitialized>true</uninitialized>
         <run_address>0x1de8</run_address>
         <size>0x12</size>
      </object_component>
      <object_component id="oc-3c2">
         <name>.common:newPIN</name>
         <uninitialized>true</uninitialized>
         <run_address>0x1dfa</run_address>
         <size>0x12</size>
      </object_component>
      <object_component id="oc-3c6">
         <name>.common:newSvcClass</name>
         <uninitialized>true</uninitialized>
         <run_address>0x1e5e</run_address>
         <size>0x6</size>
      </object_component>
      <object_component id="oc-3ca">
         <name>.common:newDevClass</name>
         <uninitialized>true</uninitialized>
         <run_address>0x1e46</run_address>
         <size>0x6</size>
      </object_component>
      <object_component id="oc-3ce">
         <name>.common:newSvcName</name>
         <uninitialized>true</uninitialized>
         <run_address>0x1e0c</run_address>
         <size>0x12</size>
      </object_component>
      <object_component id="oc-3d2">
         <name>.common:newRawBaudrate</name>
         <uninitialized>true</uninitialized>
         <run_address>0x1e58</run_address>
         <size>0x6</size>
      </object_component>
      <object_component id="oc-3df">
         <name>.common:newBaudrate</name>
         <uninitialized>true</uninitialized>
         <run_address>0x1e40</run_address>
         <size>0x6</size>
      </object_component>
      <object_component id="oc-3d7">
         <name>.common:newInquiryTime</name>
         <uninitialized>true</uninitialized>
         <run_address>0x1e4c</run_address>
         <size>0x6</size>
      </object_component>
      <object_component id="oc-3db">
         <name>.common:newPagingTime</name>
         <uninitialized>true</uninitialized>
         <run_address>0x1e52</run_address>
         <size>0x6</size>
      </object_component>
      <object_component id="oc-3be">
         <name>.common:newFriendlyName</name>
         <uninitialized>true</uninitialized>
         <run_address>0x1e1e</run_address>
         <size>0x10</size>
      </object_component>
      <object_component id="oc-3e1">
         <name>.common:commandbuf</name>
         <uninitialized>true</uninitialized>
         <run_address>0x1dc8</run_address>
         <size>0x20</size>
      </object_component>
      <object_component id="oc-3aa">
         <name>.common:radioMode</name>
         <uninitialized>true</uninitialized>
         <run_address>0x1e84</run_address>
         <size>0x1</size>
      </object_component>
      <object_component id="oc-490">
         <name>.common:charsSent</name>
         <uninitialized>true</uninitialized>
         <run_address>0x1e7a</run_address>
         <size>0x1</size>
      </object_component>
      <object_component id="oc-4b9">
         <name>.common:charsReceived</name>
         <uninitialized>true</uninitialized>
         <run_address>0x1e79</run_address>
         <size>0x1</size>
      </object_component>
      <object_component id="oc-3b3">
         <name>.common:discoverable</name>
         <uninitialized>true</uninitialized>
         <run_address>0x1e7d</run_address>
         <size>0x1</size>
      </object_component>
      <object_component id="oc-3b4">
         <name>.common:authenticate</name>
         <uninitialized>true</uninitialized>
         <run_address>0x1e76</run_address>
         <size>0x1</size>
      </object_component>
      <object_component id="oc-3b8">
         <name>.common:encrypt</name>
         <uninitialized>true</uninitialized>
         <run_address>0x1e7e</run_address>
         <size>0x1</size>
      </object_component>
      <object_component id="oc-3b9">
         <name>.common:setNameRequest</name>
         <uninitialized>true</uninitialized>
         <run_address>0x1e8f</run_address>
         <size>0x1</size>
      </object_component>
      <object_component id="oc-3c1">
         <name>.common:setPINRequest</name>
         <uninitialized>true</uninitialized>
         <run_address>0x1e90</run_address>
         <size>0x1</size>
      </object_component>
      <object_component id="oc-3a8">
         <name>.common:resetDefaultsRequest</name>
         <uninitialized>true</uninitialized>
         <run_address>0x1e86</run_address>
         <size>0x1</size>
      </object_component>
      <object_component id="oc-3c5">
         <name>.common:setSvcClassRequest</name>
         <uninitialized>true</uninitialized>
         <run_address>0x1e92</run_address>
         <size>0x1</size>
      </object_component>
      <object_component id="oc-3c9">
         <name>.common:setDevClassRequest</name>
         <uninitialized>true</uninitialized>
         <run_address>0x1e8d</run_address>
         <size>0x1</size>
      </object_component>
      <object_component id="oc-3cd">
         <name>.common:setSvcNameRequest</name>
         <uninitialized>true</uninitialized>
         <run_address>0x1e93</run_address>
         <size>0x1</size>
      </object_component>
      <object_component id="oc-3d1">
         <name>.common:setRawBaudrate</name>
         <uninitialized>true</uninitialized>
         <run_address>0x1e91</run_address>
         <size>0x1</size>
      </object_component>
      <object_component id="oc-3de">
         <name>.common:setBaudrate</name>
         <uninitialized>true</uninitialized>
         <run_address>0x1e8a</run_address>
         <size>0x1</size>
      </object_component>
      <object_component id="oc-3d5">
         <name>.common:disableRemoteConfig</name>
         <uninitialized>true</uninitialized>
         <run_address>0x1e7c</run_address>
         <size>0x1</size>
      </object_component>
      <object_component id="oc-3a9">
         <name>.common:newMode</name>
         <uninitialized>true</uninitialized>
         <run_address>0x1e83</run_address>
         <size>0x1</size>
      </object_component>
      <object_component id="oc-3d6">
         <name>.common:setCustomInquiryTime</name>
         <uninitialized>true</uninitialized>
         <run_address>0x1e8b</run_address>
         <size>0x1</size>
      </object_component>
      <object_component id="oc-3da">
         <name>.common:setCustomPagingTime</name>
         <uninitialized>true</uninitialized>
         <run_address>0x1e8c</run_address>
         <size>0x1</size>
      </object_component>
      <object_component id="oc-3b5">
         <name>.common:newAuthMode</name>
         <uninitialized>true</uninitialized>
         <run_address>0x1e82</run_address>
         <size>0x1</size>
      </object_component>
      <object_component id="oc-3bd">
         <name>.common:setFriendlyNameRequest</name>
         <uninitialized>true</uninitialized>
         <run_address>0x1e8e</run_address>
         <size>0x1</size>
      </object_component>
      <object_component id="oc-28e">
         <name>.common:btConnected</name>
         <uninitialized>true</uninitialized>
         <run_address>0x1e77</run_address>
         <size>0x1</size>
      </object_component>
      <object_component id="oc-28f">
         <name>.common:deviceConn</name>
         <uninitialized>true</uninitialized>
         <run_address>0x1e7b</run_address>
         <size>0x1</size>
      </object_component>
      <object_component id="oc-3fb">
         <name>.common:tx_packet_length</name>
         <uninitialized>true</uninitialized>
         <run_address>0x1e97</run_address>
         <size>0x1</size>
      </object_component>
      <object_component id="oc-3fc">
         <name>.common:tx_packet_data</name>
         <uninitialized>true</uninitialized>
         <run_address>0x1e72</run_address>
         <size>0x4</size>
      </object_component>
      <object_component id="oc-406">
         <name>.common:rx_packet_length</name>
         <uninitialized>true</uninitialized>
         <run_address>0x1e88</run_address>
         <size>0x1</size>
      </object_component>
      <object_component id="oc-407">
         <name>.common:rx_packet_data</name>
         <uninitialized>true</uninitialized>
         <run_address>0x1e6e</run_address>
         <size>0x4</size>
      </object_component>
      <object_component id="oc-40d">
         <name>.common:receive_flag</name>
         <uninitialized>true</uninitialized>
         <run_address>0x1e85</run_address>
         <size>0x1</size>
      </object_component>
      <object_component id="oc-408">
         <name>.common:transmit_flag</name>
         <uninitialized>true</uninitialized>
         <run_address>0x1e95</run_address>
         <size>0x1</size>
      </object_component>
      <object_component id="oc-40b">
         <name>.common:rx_byte_ctr</name>
         <uninitialized>true</uninitialized>
         <run_address>0x1e87</run_address>
         <size>0x1</size>
      </object_component>
      <object_component id="oc-40a">
         <name>.common:tx_byte_ctr</name>
         <uninitialized>true</uninitialized>
         <run_address>0x1e96</run_address>
         <size>0x1</size>
      </object_component>
      <object_component id="oc-104">
         <name>.data</name>
         <load_address>0x2040</load_address>
         <run_address>0x2040</run_address>
         <size>0x4</size>
         <input_file_ref idref="fl-5"/>
      </object_component>
      <object_component id="oc-2fa">
         <name>.data</name>
         <load_address>0x1f48</load_address>
         <run_address>0x1f48</run_address>
         <size>0x80</size>
         <input_file_ref idref="fl-5a"/>
      </object_component>
      <object_component id="oc-427">
         <name>.data</name>
         <load_address>0x2044</load_address>
         <run_address>0x2044</run_address>
         <size>0x2</size>
         <input_file_ref idref="fl-64"/>
      </object_component>
      <object_component id="oc-4d7">
         <name>.data</name>
         <load_address>0x2038</load_address>
         <run_address>0x2038</run_address>
         <size>0x8</size>
         <input_file_ref idref="fl-65"/>
      </object_component>
      <object_component id="oc-4f3">
         <name>.data</name>
         <load_address>0x1fc8</load_address>
         <run_address>0x1fc8</run_address>
         <size>0x68</size>
         <input_file_ref idref="fl-77"/>
      </object_component>
      <object_component id="oc-574">
         <name>.data</name>
         <load_address>0x2030</load_address>
         <run_address>0x2030</run_address>
         <size>0x8</size>
         <input_file_ref idref="fl-5b"/>
      </object_component>
      <object_component id="oc-577">
         <name>.data:sigtable</name>
         <load_address>0x1e98</load_address>
         <run_address>0x1e98</run_address>
         <size>0xb0</size>
         <input_file_ref idref="fl-72"/>
      </object_component>
      <object_component id="oc-6d">
         <name>.debug_info</name>
         <load_address>0x0</load_address>
         <run_address>0x0</run_address>
         <size>0x125</size>
         <input_file_ref idref="fl-3a"/>
      </object_component>
      <object_component id="oc-7e">
         <name>.debug_info</name>
         <load_address>0x125</load_address>
         <run_address>0x125</run_address>
         <size>0x194</size>
         <input_file_ref idref="fl-3b"/>
      </object_component>
      <object_component id="oc-85">
         <name>.debug_info</name>
         <load_address>0x2b9</load_address>
         <run_address>0x2b9</run_address>
         <size>0x16f</size>
         <input_file_ref idref="fl-3d"/>
      </object_component>
      <object_component id="oc-8c">
         <name>.debug_info</name>
         <load_address>0x428</load_address>
         <run_address>0x428</run_address>
         <size>0x18e</size>
         <input_file_ref idref="fl-3c"/>
      </object_component>
      <object_component id="oc-90">
         <name>.debug_info</name>
         <load_address>0x5b6</load_address>
         <run_address>0x5b6</run_address>
         <size>0xaa</size>
         <input_file_ref idref="fl-3a"/>
      </object_component>
      <object_component id="oc-94">
         <name>.debug_info</name>
         <load_address>0x660</load_address>
         <run_address>0x660</run_address>
         <size>0xfd</size>
         <input_file_ref idref="fl-2"/>
      </object_component>
      <object_component id="oc-9a">
         <name>.debug_info</name>
         <load_address>0x75d</load_address>
         <run_address>0x75d</run_address>
         <size>0x15a</size>
         <input_file_ref idref="fl-5"/>
      </object_component>
      <object_component id="oc-a0">
         <name>.debug_info</name>
         <load_address>0x8b7</load_address>
         <run_address>0x8b7</run_address>
         <size>0x18c</size>
         <input_file_ref idref="fl-2"/>
      </object_component>
      <object_component id="oc-a6">
         <name>.debug_info</name>
         <load_address>0xa43</load_address>
         <run_address>0xa43</run_address>
         <size>0x150</size>
         <input_file_ref idref="fl-7"/>
      </object_component>
      <object_component id="oc-ac">
         <name>.debug_info</name>
         <load_address>0xb93</load_address>
         <run_address>0xb93</run_address>
         <size>0x133</size>
         <input_file_ref idref="fl-3"/>
      </object_component>
      <object_component id="oc-b2">
         <name>.debug_info</name>
         <load_address>0xcc6</load_address>
         <run_address>0xcc6</run_address>
         <size>0x1a0</size>
         <input_file_ref idref="fl-5f"/>
      </object_component>
      <object_component id="oc-b8">
         <name>.debug_info</name>
         <load_address>0xe66</load_address>
         <run_address>0xe66</run_address>
         <size>0xfb</size>
         <input_file_ref idref="fl-2"/>
      </object_component>
      <object_component id="oc-bf">
         <name>.debug_info</name>
         <load_address>0xf61</load_address>
         <run_address>0xf61</run_address>
         <size>0xcc</size>
         <input_file_ref idref="fl-41"/>
      </object_component>
      <object_component id="oc-c5">
         <name>.debug_info</name>
         <load_address>0x102d</load_address>
         <run_address>0x102d</run_address>
         <size>0x1d2</size>
         <input_file_ref idref="fl-8"/>
      </object_component>
      <object_component id="oc-cb">
         <name>.debug_info</name>
         <load_address>0x11ff</load_address>
         <run_address>0x11ff</run_address>
         <size>0x11b</size>
         <input_file_ref idref="fl-2"/>
      </object_component>
      <object_component id="oc-d3">
         <name>.debug_info</name>
         <load_address>0x131a</load_address>
         <run_address>0x131a</run_address>
         <size>0x157</size>
         <input_file_ref idref="fl-4a"/>
      </object_component>
      <object_component id="oc-d7">
         <name>.debug_info</name>
         <load_address>0x1471</load_address>
         <run_address>0x1471</run_address>
         <size>0x46</size>
         <input_file_ref idref="fl-3b"/>
      </object_component>
      <object_component id="oc-dc">
         <name>.debug_info</name>
         <load_address>0x14b7</load_address>
         <run_address>0x14b7</run_address>
         <size>0x17b</size>
         <input_file_ref idref="fl-3b"/>
      </object_component>
      <object_component id="oc-de">
         <name>.debug_info</name>
         <load_address>0x1632</load_address>
         <run_address>0x1632</run_address>
         <size>0x46</size>
         <input_file_ref idref="fl-3d"/>
      </object_component>
      <object_component id="oc-e3">
         <name>.debug_info</name>
         <load_address>0x1678</load_address>
         <run_address>0x1678</run_address>
         <size>0x129</size>
         <input_file_ref idref="fl-3d"/>
      </object_component>
      <object_component id="oc-e7">
         <name>.debug_info</name>
         <load_address>0x17a1</load_address>
         <run_address>0x17a1</run_address>
         <size>0x1ef</size>
         <input_file_ref idref="fl-3c"/>
      </object_component>
      <object_component id="oc-eb">
         <name>.debug_info</name>
         <load_address>0x1990</load_address>
         <run_address>0x1990</run_address>
         <size>0x138</size>
         <input_file_ref idref="fl-3c"/>
      </object_component>
      <object_component id="oc-ec">
         <name>.debug_info</name>
         <load_address>0x1ac8</load_address>
         <run_address>0x1ac8</run_address>
         <size>0x39</size>
         <input_file_ref idref="fl-3c"/>
      </object_component>
      <object_component id="oc-f3">
         <name>.debug_info</name>
         <load_address>0x1b01</load_address>
         <run_address>0x1b01</run_address>
         <size>0x84</size>
         <input_file_ref idref="fl-2"/>
      </object_component>
      <object_component id="oc-fa">
         <name>.debug_info</name>
         <load_address>0x1b85</load_address>
         <run_address>0x1b85</run_address>
         <size>0x106f</size>
         <input_file_ref idref="fl-5"/>
      </object_component>
      <object_component id="oc-fd">
         <name>.debug_info</name>
         <load_address>0x2bf4</load_address>
         <run_address>0x2bf4</run_address>
         <size>0x127</size>
         <input_file_ref idref="fl-5"/>
      </object_component>
      <object_component id="oc-105">
         <name>.debug_info</name>
         <load_address>0x2d1b</load_address>
         <run_address>0x2d1b</run_address>
         <size>0xf6</size>
         <input_file_ref idref="fl-5"/>
      </object_component>
      <object_component id="oc-10c">
         <name>.debug_info</name>
         <load_address>0x2e11</load_address>
         <run_address>0x2e11</run_address>
         <size>0x153</size>
         <input_file_ref idref="fl-53"/>
      </object_component>
      <object_component id="oc-116">
         <name>.debug_info</name>
         <load_address>0x2f64</load_address>
         <run_address>0x2f64</run_address>
         <size>0x1a6</size>
         <input_file_ref idref="fl-49"/>
      </object_component>
      <object_component id="oc-11e">
         <name>.debug_info</name>
         <load_address>0x310a</load_address>
         <run_address>0x310a</run_address>
         <size>0x153</size>
         <input_file_ref idref="fl-5"/>
      </object_component>
      <object_component id="oc-124">
         <name>.debug_info</name>
         <load_address>0x325d</load_address>
         <run_address>0x325d</run_address>
         <size>0x161</size>
         <input_file_ref idref="fl-5"/>
      </object_component>
      <object_component id="oc-12a">
         <name>.debug_info</name>
         <load_address>0x33be</load_address>
         <run_address>0x33be</run_address>
         <size>0x83c</size>
         <input_file_ref idref="fl-2"/>
      </object_component>
      <object_component id="oc-12d">
         <name>.debug_info</name>
         <load_address>0x3bfa</load_address>
         <run_address>0x3bfa</run_address>
         <size>0x15b</size>
         <input_file_ref idref="fl-6"/>
      </object_component>
      <object_component id="oc-134">
         <name>.debug_info</name>
         <load_address>0x3d55</load_address>
         <run_address>0x3d55</run_address>
         <size>0x159</size>
         <input_file_ref idref="fl-6"/>
      </object_component>
      <object_component id="oc-13b">
         <name>.debug_info</name>
         <load_address>0x3eae</load_address>
         <run_address>0x3eae</run_address>
         <size>0x144</size>
         <input_file_ref idref="fl-7"/>
      </object_component>
      <object_component id="oc-143">
         <name>.debug_info</name>
         <load_address>0x3ff2</load_address>
         <run_address>0x3ff2</run_address>
         <size>0x2d8</size>
         <input_file_ref idref="fl-5f"/>
      </object_component>
      <object_component id="oc-145">
         <name>.debug_info</name>
         <load_address>0x42ca</load_address>
         <run_address>0x42ca</run_address>
         <size>0x22f</size>
         <input_file_ref idref="fl-2"/>
      </object_component>
      <object_component id="oc-14d">
         <name>.debug_info</name>
         <load_address>0x44f9</load_address>
         <run_address>0x44f9</run_address>
         <size>0x4f4</size>
         <input_file_ref idref="fl-8"/>
      </object_component>
      <object_component id="oc-155">
         <name>.debug_info</name>
         <load_address>0x49ed</load_address>
         <run_address>0x49ed</run_address>
         <size>0x181</size>
         <input_file_ref idref="fl-8"/>
      </object_component>
      <object_component id="oc-15b">
         <name>.debug_info</name>
         <load_address>0x4b6e</load_address>
         <run_address>0x4b6e</run_address>
         <size>0x183</size>
         <input_file_ref idref="fl-8"/>
      </object_component>
      <object_component id="oc-178">
         <name>.debug_info</name>
         <load_address>0x4cf1</load_address>
         <run_address>0x4cf1</run_address>
         <size>0x1ff</size>
         <input_file_ref idref="fl-2"/>
      </object_component>
      <object_component id="oc-17f">
         <name>.debug_info</name>
         <load_address>0x4ef0</load_address>
         <run_address>0x4ef0</run_address>
         <size>0x13b</size>
         <input_file_ref idref="fl-4a"/>
      </object_component>
      <object_component id="oc-180">
         <name>.debug_info</name>
         <load_address>0x502b</load_address>
         <run_address>0x502b</run_address>
         <size>0x2c</size>
[...]
         <name>__mspabi_cvtfd</name>
         <value>0x139f4</value>
         <object_component_ref idref="oc-247"/>
      </symbol>
      <symbol id="sm-667">
         <name>__mspabi_remul</name>
         <value>0x13b76</value>
         <object_component_ref idref="oc-3e9"/>
      </symbol>
      <symbol id="sm-668">
         <name>__mspabi_divul</name>
         <value>0x13b76</value>
         <object_component_ref idref="oc-3e9"/>
      </symbol>
      <symbol id="sm-672">
         <name>C$$EXIT</name>
         <value>0x14594</value>
         <object_component_ref idref="oc-bd"/>
      </symbol>
      <symbol id="sm-673">
         <name>abort</name>
         <value>0x14594</value>
         <object_component_ref idref="oc-bd"/>
      </symbol>
      <symbol id="sm-67f">
         <name>__mspabi_fltid</name>
         <value>0x14508</value>
         <object_component_ref idref="oc-22a"/>
      </symbol>
      <symbol id="sm-697">
         <name>__mspabi_fltlid</name>
         <value>0x1362e</value>
         <object_component_ref idref="oc-2da"/>
      </symbol>
      <symbol id="sm-6b8">
         <name>__TI_frcaddd</name>
         <value>0x122e0</value>
         <object_component_ref idref="oc-32f"/>
      </symbol>
      <symbol id="sm-6d3">
         <name>__mspabi_subf</name>
         <value>0x12db2</value>
         <object_component_ref idref="oc-372"/>
      </symbol>
      <symbol id="sm-6d4">
         <name>__mspabi_addf</name>
         <value>0x12db8</value>
         <object_component_ref idref="oc-372"/>
      </symbol>
      <symbol id="sm-6e4">
         <name>__mspabi_cmpf</name>
         <value>0x13cc0</value>
         <object_component_ref idref="oc-362"/>
      </symbol>
      <symbol id="sm-6f4">
         <name>__mspabi_slll_9</name>
         <value>0x13ef2</value>
         <object_component_ref idref="oc-33c"/>
      </symbol>
      <symbol id="sm-6f5">
         <name>__mspabi_slll_8</name>
         <value>0x13ef6</value>
         <object_component_ref idref="oc-33c"/>
      </symbol>
      <symbol id="sm-6f6">
         <name>__mspabi_slll_7</name>
         <value>0x13efa</value>
         <object_component_ref idref="oc-33c"/>
      </symbol>
      <symbol id="sm-6f7">
         <name>__mspabi_slll_6</name>
         <value>0x13efe</value>
         <object_component_ref idref="oc-33c"/>
      </symbol>
      <symbol id="sm-6f8">
         <name>__mspabi_slll_5</name>
         <value>0x13f02</value>
         <object_component_ref idref="oc-33c"/>
      </symbol>
      <symbol id="sm-6f9">
         <name>__mspabi_slll_4</name>
         <value>0x13f06</value>
         <object_component_ref idref="oc-33c"/>
      </symbol>
      <symbol id="sm-6fa">
         <name>__mspabi_slll_3</name>
         <value>0x13f0a</value>
         <object_component_ref idref="oc-33c"/>
      </symbol>
      <symbol id="sm-6fb">
         <name>__mspabi_slll_2</name>
         <value>0x13f0e</value>
         <object_component_ref idref="oc-33c"/>
      </symbol>
      <symbol id="sm-6fc">
         <name>__mspabi_slll_1</name>
         <value>0x13f12</value>
         <object_component_ref idref="oc-33c"/>
      </symbol>
      <symbol id="sm-6fd">
         <name>__mspabi_slll</name>
         <value>0x144cc</value>
         <object_component_ref idref="oc-460"/>
      </symbol>
      <symbol id="sm-6fe">
         <name>__mspabi_slll_15</name>
         <value>0x13eda</value>
         <object_component_ref idref="oc-33c"/>
      </symbol>
      <symbol id="sm-6ff">
         <name>__mspabi_slll_14</name>
         <value>0x13ede</value>
         <object_component_ref idref="oc-33c"/>
      </symbol>
      <symbol id="sm-700">
         <name>__mspabi_slll_13</name>
         <value>0x13ee2</value>
         <object_component_ref idref="oc-33c"/>
      </symbol>
      <symbol id="sm-701">
         <name>__mspabi_slll_12</name>
         <value>0x13ee6</value>
         <object_component_ref idref="oc-33c"/>
      </symbol>
      <symbol id="sm-702">
         <name>__mspabi_slll_11</name>
         <value>0x13eea</value>
         <object_component_ref idref="oc-33c"/>
      </symbol>
      <symbol id="sm-703">
         <name>__mspabi_slll_10</name>
         <value>0x13eee</value>
         <object_component_ref idref="oc-33c"/>
      </symbol>
      <symbol id="sm-713">
         <name>__mspabi_srll_8</name>
         <value>0x13f34</value>
         <object_component_ref idref="oc-3ee"/>
      </symbol>
      <symbol id="sm-714">
         <name>__mspabi_srll_9</name>
         <value>0x13f30</value>
         <object_component_ref idref="oc-3ee"/>
      </symbol>
      <symbol id="sm-715">
         <name>__mspabi_srll_6</name>
         <value>0x13f3c</value>
         <object_component_ref idref="oc-3ee"/>
      </symbol>
      <symbol id="sm-716">
         <name>__mspabi_srll_7</name>
         <value>0x13f38</value>
         <object_component_ref idref="oc-3ee"/>
      </symbol>
      <symbol id="sm-717">
         <name>__mspabi_srll_4</name>
         <value>0x13f44</value>
         <object_component_ref idref="oc-3ee"/>
      </symbol>
      <symbol id="sm-718">
         <name>__mspabi_srll_5</name>
         <value>0x13f40</value>
         <object_component_ref idref="oc-3ee"/>
      </symbol>
      <symbol id="sm-719">
         <name>__mspabi_srll_2</name>
         <value>0x13f4c</value>
         <object_component_ref idref="oc-3ee"/>
      </symbol>
      <symbol id="sm-71a">
         <name>__mspabi_srll_3</name>
         <value>0x13f48</value>
         <object_component_ref idref="oc-3ee"/>
      </symbol>
      <symbol id="sm-71b">
         <name>__mspabi_srll_1</name>
         <value>0x13f50</value>
         <object_component_ref idref="oc-3ee"/>
      </symbol>
      <symbol id="sm-71c">
         <name>__mspabi_srll_15</name>
         <value>0x13f18</value>
         <object_component_ref idref="oc-3ee"/>
      </symbol>
      <symbol id="sm-71d">
         <name>__mspabi_srll_14</name>
         <value>0x13f1c</value>
         <object_component_ref idref="oc-3ee"/>
      </symbol>
      <symbol id="sm-71e">
         <name>__mspabi_srll_13</name>
         <value>0x13f20</value>
         <object_component_ref idref="oc-3ee"/>
      </symbol>
      <symbol id="sm-71f">
         <name>__mspabi_srll_12</name>
         <value>0x13f24</value>
         <object_component_ref idref="oc-3ee"/>
      </symbol>
      <symbol id="sm-720">
         <name>__mspabi_srll_11</name>
         <value>0x13f28</value>
         <object_component_ref idref="oc-3ee"/>
      </symbol>
      <symbol id="sm-721">
         <name>__mspabi_srll_10</name>
         <value>0x13f2c</value>
         <object_component_ref idref="oc-3ee"/>
      </symbol>
      <symbol id="sm-722">
         <name>__mspabi_srll</name>
         <value>0x144dc</value>
         <object_component_ref idref="oc-433"/>
      </symbol>
      <symbol id="sm-731">
         <name>memcmp</name>
         <value>0x142b0</value>
         <object_component_ref idref="oc-115"/>
      </symbol>
      <symbol id="sm-73f">
         <name>memcpy</name>
         <value>0x14484</value>
         <object_component_ref idref="oc-d0"/>
      </symbol>
      <symbol id="sm-748">
         <name>__mspabi_mpyi_f5hw</name>
         <value>0x1441e</value>
         <object_component_ref idref="oc-502"/>
      </symbol>
      <symbol id="sm-794">
         <name>pow</name>
         <value>0x1082c</value>
         <object_component_ref idref="oc-230"/>
      </symbol>
      <symbol id="sm-7a8">
         <name>__TI_renormd</name>
         <value>0x13434</value>
         <object_component_ref idref="oc-46a"/>
      </symbol>
      <symbol id="sm-7d4">
         <name>snprintf</name>
         <value>0x13aba</value>
         <object_component_ref idref="oc-2aa"/>
      </symbol>
      <symbol id="sm-7f0">
         <name>sprintf</name>
         <value>0x13dda</value>
         <object_component_ref idref="oc-3ac"/>
      </symbol>
      <symbol id="sm-800">
         <name>sqrt</name>
         <value>0x12754</value>
         <object_component_ref idref="oc-24d"/>
      </symbol>
      <symbol id="sm-80d">
         <name>strcpy</name>
         <value>0x144aa</value>
         <object_component_ref idref="oc-4b3"/>
      </symbol>
      <symbol id="sm-81a">
         <name>strlen</name>
         <value>0x144fa</value>
         <object_component_ref idref="oc-10b"/>
      </symbol>
      <symbol id="sm-826">
         <name>__mspabi_subd</name>
         <value>0x140d4</value>
         <object_component_ref idref="oc-30f"/>
      </symbol>
      <symbol id="sm-840">
         <name>_Dint</name>
         <value>0x1329e</value>
         <object_component_ref idref="oc-2e8"/>
      </symbol>
      <symbol id="sm-85f">
         <name>_Dscale</name>
         <value>0x12ae2</value>
         <object_component_ref idref="oc-354"/>
      </symbol>
      <symbol id="sm-871">
         <name>_Dunscale</name>
         <value>0x13840</value>
         <object_component_ref idref="oc-2e2"/>
      </symbol>
      <symbol id="sm-89a">
         <name>_Exp</name>
         <value>0x1171a</value>
         <object_component_ref idref="oc-327"/>
      </symbol>
      <symbol id="sm-8a6">
         <name>_Feraise</name>
         <value>0x13ffe</value>
         <object_component_ref idref="oc-2f4"/>
      </symbol>
      <symbol id="sm-8ad">
         <name>_Rteps</name>
         <value>0x1fa8</value>
         <object_component_ref idref="oc-2fa"/>
      </symbol>
      <symbol id="sm-8ae">
         <name>_Zero</name>
         <value>0x1fc0</value>
         <object_component_ref idref="oc-2fa"/>
      </symbol>
      <symbol id="sm-8af">
         <name>_Hugeval</name>
         <value>0x1f68</value>
         <object_component_ref idref="oc-2fa"/>
      </symbol>
      <symbol id="sm-8b0">
         <name>_Snan</name>
         <value>0x1f98</value>
         <object_component_ref idref="oc-2fa"/>
      </symbol>
      <symbol id="sm-8b1">
         <name>_Nan</name>
         <value>0x1f88</value>
         <object_component_ref idref="oc-2fa"/>
      </symbol>
      <symbol id="sm-8b2">
         <name>_Inf</name>
         <value>0x1f78</value>
         <object_component_ref idref="oc-2fa"/>
      </symbol>
      <symbol id="sm-8b3">
         <name>_Xbig</name>
         <value>0x1fb8</value>
         <object_component_ref idref="oc-2fa"/>
      </symbol>
      <symbol id="sm-8b4">
         <name>_Eps</name>
         <value>0x1f58</value>
         <object_component_ref idref="oc-2fa"/>
      </symbol>
      <symbol id="sm-8b5">
         <name>_Denorm</name>
         <value>0x1f48</value>
         <object_component_ref idref="oc-2fa"/>
      </symbol>
      <symbol id="sm-8c6">
         <name>_nop</name>
         <value>0x14598</value>
         <object_component_ref idref="oc-58f"/>
      </symbol>
      <symbol id="sm-8c7">
         <name>_lock</name>
         <value>0x2030</value>
         <object_component_ref idref="oc-574"/>
      </symbol>
      <symbol id="sm-8c8">
         <name>_unlock</name>
         <value>0x2034</value>
         <object_component_ref idref="oc-574"/>
      </symbol>
      <symbol id="sm-930">
         <name>__TI_printfi_minimal</name>
         <value>0x131cc</value>
         <object_component_ref idref="oc-390"/>
      </symbol>
      <symbol id="sm-941">
         <name>__mspabi_sral</name>
         <value>0x144bc</value>
         <object_component_ref idref="oc-465"/>
      </symbol>
      <symbol id="sm-942">
         <name>__mspabi_sral_15</name>
         <value>0x13e9c</value>
         <object_component_ref idref="oc-348"/>
      </symbol>
      <symbol id="sm-943">
         <name>__mspabi_sral_14</name>
         <value>0x13ea0</value>
         <object_component_ref idref="oc-348"/>
      </symbol>
      <symbol id="sm-944">
         <name>__mspabi_sral_13</name>
         <value>0x13ea4</value>
         <object_component_ref idref="oc-348"/>
      </symbol>
      <symbol id="sm-945">
         <name>__mspabi_sral_12</name>
         <value>0x13ea8</value>
         <object_component_ref idref="oc-348"/>
      </symbol>
      <symbol id="sm-946">
         <name>__mspabi_sral_11</name>
         <value>0x13eac</value>
         <object_component_ref idref="oc-348"/>
      </symbol>
      <symbol id="sm-947">
         <name>__mspabi_sral_10</name>
         <value>0x13eb0</value>
         <object_component_ref idref="oc-348"/>
      </symbol>
      <symbol id="sm-948">
         <name>__mspabi_sral_8</name>
         <value>0x13eb8</value>
         <object_component_ref idref="oc-348"/>
      </symbol>
      <symbol id="sm-949">
         <name>__mspabi_sral_9</name>
         <value>0x13eb4</value>
         <object_component_ref idref="oc-348"/>
      </symbol>
      <symbol id="sm-94a">
         <name>__mspabi_sral_6</name>
         <value>0x13ec0</value>
         <object_component_ref idref="oc-348"/>
      </symbol>
      <symbol id="sm-94b">
         <name>__mspabi_sral_7</name>
         <value>0x13ebc</value>
         <object_component_ref idref="oc-348"/>
      </symbol>
      <symbol id="sm-94c">
         <name>__mspabi_sral_4</name>
         <value>0x13ec8</value>
         <object_component_ref idref="oc-348"/>
      </symbol>
      <symbol id="sm-94d">
         <name>__mspabi_sral_5</name>
         <value>0x13ec4</value>
         <object_component_ref idref="oc-348"/>
      </symbol>
      <symbol id="sm-94e">
         <name>__mspabi_sral_2</name>
         <value>0x13ed0</value>
         <object_component_ref idref="oc-348"/>
      </symbol>
      <symbol id="sm-94f">
         <name>__mspabi_sral_3</name>
         <value>0x13ecc</value>
         <object_component_ref idref="oc-348"/>
      </symbol>
      <symbol id="sm-950">
         <name>__mspabi_sral_1</name>
         <value>0x13ed4</value>
         <object_component_ref idref="oc-348"/>
      </symbol>
      <symbol id="sm-967">
         <name>_auto_init_hold_wdt</name>
         <value>0x13920</value>
         <object_component_ref idref="oc-b1"/>
      </symbol>
      <symbol id="sm-984">
         <name>__mspabi_cmpd</name>
         <value>0x130f4</value>
         <object_component_ref idref="oc-2ee"/>
      </symbol>
      <symbol id="sm-990">
         <name>__mspabi_remi</name>
         <value>0x141be</value>
         <object_component_ref idref="oc-34f"/>
      </symbol>
      <symbol id="sm-991">
         <name>__mspabi_divi</name>
         <value>0x141be</value>
         <object_component_ref idref="oc-34f"/>
      </symbol>
      <symbol id="sm-99b">
         <name>__mspabi_remu</name>
         <value>0x14408</value>
         <object_component_ref idref="oc-47a"/>
      </symbol>
      <symbol id="sm-99c">
         <name>__mspabi_divu</name>
         <value>0x14408</value>
         <object_component_ref idref="oc-47a"/>
      </symbol>
      <symbol id="sm-9bd">
         <name>__mspabi_divd</name>
         <value>0x12532</value>
         <object_component_ref idref="oc-321"/>
      </symbol>
      <symbol id="sm-9c4">
         <name>_Errno</name>
         <value>0x2044</value>
         <object_component_ref idref="oc-427"/>
      </symbol>
      <symbol id="sm-9dc">
         <name>feraiseexcept</name>
         <value>0x140a0</value>
         <object_component_ref idref="oc-421"/>
      </symbol>
      <symbol id="sm-9dd">
         <name>_Tls_setup__Fenv</name>
         <value>0x203c</value>
         <object_component_ref idref="oc-4d7"/>
      </symbol>
      <symbol id="sm-9de">
         <name>_Fenv</name>
         <value>0x2038</value>
         <object_component_ref idref="oc-4d7"/>
      </symbol>
      <symbol id="sm-9ee">
         <name>__mspabi_fixdi</name>
         <value>0x14214</value>
         <object_component_ref idref="oc-315"/>
      </symbol>
      <symbol id="sm-a00">
         <name>__mspabi_fixdli</name>
         <value>0x1398e</value>
         <object_component_ref idref="oc-303"/>
      </symbol>
      <symbol id="sm-a1b">
         <name>__TI_frcdivd</name>
         <value>0x10ea8</value>
         <object_component_ref idref="oc-44e"/>
      </symbol>
      <symbol id="sm-a27">
         <name>log</name>
         <value>0x144ec</value>
         <object_component_ref idref="oc-31b"/>
      </symbol>
      <symbol id="sm-a30">
         <name>__mspabi_slli</name>
         <value>0x1453e</value>
         <object_component_ref idref="oc-485"/>
      </symbol>
      <symbol id="sm-a39">
         <name>__mspabi_srli</name>
         <value>0x14548</value>
         <object_component_ref idref="oc-480"/>
      </symbol>
      <symbol id="sm-a48">
         <name>memccpy</name>
         <value>0x1437c</value>
         <object_component_ref idref="oc-529"/>
      </symbol>
      <symbol id="sm-a56">
         <name>memset</name>
         <value>0x143f2</value>
         <object_component_ref idref="oc-51c"/>
      </symbol>
      <symbol id="sm-a76">
         <name>__mspabi_mpyd</name>
         <value>0x1205e</value>
         <object_component_ref idref="oc-309"/>
      </symbol>
      <symbol id="sm-a7e">
         <name>__mspabi_mpyl_f5hw</name>
         <value>0x142fa</value>
         <object_component_ref idref="oc-4e6"/>
      </symbol>
      <symbol id="sm-a87">
         <name>__mspabi_negd</name>
         <value>0x14138</value>
         <object_component_ref idref="oc-2fd"/>
      </symbol>
      <symbol id="sm-a9b">
         <name>raise</name>
         <value>0x14106</value>
         <object_component_ref idref="oc-4da"/>
      </symbol>
      <symbol id="sm-ab0">
         <name>signal</name>
         <value>0x13f90</value>
         <object_component_ref idref="oc-548"/>
      </symbol>
      <symbol id="sm-ac3">
         <name>_Dnorm</name>
         <value>0x12ff4</value>
         <object_component_ref idref="oc-413"/>
      </symbol>
      <symbol id="sm-aed">
         <name>_Log</name>
         <value>0x112fa</value>
         <object_component_ref idref="oc-446"/>
      </symbol>
      <symbol id="sm-afe">
         <name>__TI_frcmpyd</name>
         <value>0x11aa2</value>
         <object_component_ref idref="oc-43a"/>
      </symbol>
      <symbol id="sm-b07">
         <name>__mspabi_negf</name>
         <value>0x14534</value>
         <object_component_ref idref="oc-4f6"/>
      </symbol>
      <symbol id="sm-b0e">
         <name>_FZero</name>
         <value>0x202c</value>
         <object_component_ref idref="oc-4f3"/>
      </symbol>
      <symbol id="sm-b0f">
         <name>_FRteps</name>
         <value>0x2018</value>
         <object_component_ref idref="oc-4f3"/>
      </symbol>
      <symbol id="sm-b10">
         <name>_FSnan</name>
         <value>0x2008</value>
         <object_component_ref idref="oc-4f3"/>
      </symbol>
      <symbol id="sm-b11">
         <name>_FNan</name>
         <value>0x1ff8</value>
         <object_component_ref idref="oc-4f3"/>
      </symbol>
      <symbol id="sm-b12">
         <name>_FInf</name>
         <value>0x1fe8</value>
         <object_component_ref idref="oc-4f3"/>
      </symbol>
      <symbol id="sm-b13">
         <name>_FEps</name>
         <value>0x1fd8</value>
         <object_component_ref idref="oc-4f3"/>
      </symbol>
      <symbol id="sm-b14">
         <name>_FXbig</name>
         <value>0x2028</value>
         <object_component_ref idref="oc-4f3"/>
      </symbol>
      <symbol id="sm-b15">
         <name>_FDenorm</name>
         <value>0x1fc8</value>
         <object_component_ref idref="oc-4f3"/>
      </symbol>
      <symbol id="sm-b16">
         <name>__TI_exit</name>
         <value>0x1</value>
      </symbol>
      <symbol id="sm-b17">
         <name>__TI_args_main</name>
         <value>0x1</value>
      </symbol>
      <symbol id="sm-b18">
         <name>__TI_INITARRAY_Base</name>
         <value>0x0</value>
      </symbol>
      <symbol id="sm-b19">
         <name>__TI_INITARRAY_Limit</name>
         <value>0x0</value>
      </symbol>
   </symbol_table>
   <title>Link successful</title>
</link_info>
